ASxxxx Linker V03.00 + NoICE + sdld,  page 1.
Hexadecimal  [32-Bits]

Area                                    Addr        Size        Decimal Bytes (Attributes)
--------------------------------        ----        ----        ------- ----- ------------
CABS                                00000000    00000000 =           0. bytes (ABS,CON,CODE)

      Value  Global                              Global Defined In Module
      -----  --------------------------------   ------------------------
C:   00000000  l_CABS                          
C:   00000000  l_CONST                         
C:   00000000  l_GSINIT1                       
C:   00000000  l_GSINIT5                       
C:   00000000  l_IABS                          
C:   00000000  l_ISEG                          
C:   00000000  l_PSEG                          
C:   00000000  l_REG_BANK_1                    
C:   00000000  l_REG_BANK_2                    
C:   00000000  l_REG_BANK_3                    
C:   00000000  l_RSEG                          
C:   00000000  l_RSEG0                         
C:   00000000  l_RSEG1                         
C:   00000000  l_XABS                          
C:   00000000  l_XINIT                         
C:   00000000  l_XISEG                         
C:   00000000  l_XSEG                          
C:   00000000  l__CODE                         
C:   00000000  s_BSEG                          
C:   00000000  s_CABS                          
C:   00000000  s_DSEG                          
C:   00000000  s_HOME                          
C:   00000000  s_IABS                          
C:   00000000  s_ISEG                          
C:   00000000  s_REG_BANK_0                    
C:   00000000  s_RSEG                          
C:   00000000  s_RSEG0                         
C:   00000000  s_RSEG1                         
C:   00000000  s_XABS                          
C:   00000001  l_BIT_BANK                      
C:   00000001  l_BSEG_BYTES                    
C:   00000001  s_PSEG                          
C:   00000001  s_XISEG                         
C:   00000001  s_XSEG                          
C:   00000002  l_OSEG                          
C:   00000003  l_BSEG                          
C:   00000003  l_GSFINAL                       
C:   00000003  l_GSINIT0                       
C:   00000008  l_REG_BANK_0                    
C:   00000008  s_REG_BANK_1                    
C:   0000000A  l_GSINIT2                       
C:   00000010  s_REG_BANK_2                    
C:   00000011  l_HOME                          
C:   00000011  s_GSINIT0                       
C:   00000014  s_GSINIT1                       
C:   00000014  s_GSINIT2                       
C:   00000015  s_OSEG                          
C:   00000018  s_REG_BANK_3                    
C:   0000001E  s_GSINIT3                       
C:   00000020  s_BSEG_BYTES                    
ASxxxx Linker V03.00 + NoICE + sdld,  page 2.
Hexadecimal  [32-Bits]

Area                                    Addr        Size        Decimal Bytes (Attributes)
--------------------------------        ----        ----        ------- ----- ------------
CABS                                00000000    00000000 =           0. bytes (ABS,CON,CODE)

      Value  Global                              Global Defined In Module
      -----  --------------------------------   ------------------------
C:   00000020  s__CODE                         
C:   00000021  s_BIT_BANK                      
C:   00000022  l_GSINIT3                       
C:   00000022  s_SSEG                          
C:   00000025  l_GSINIT                        
C:   0000002A  l_GSINIT4                       
C:   00000040  s_GSINIT4                       
C:   0000006A  s_GSINIT                        
C:   0000006A  s_GSINIT5                       
C:   00000077  l_DSEG                          
C:   0000008F  s_GSFINAL                       
C:   00000092  s_CSEG                          
C:   000000DE  l_SSEG                          
C:   00000100  l_IRAM                          
C:   00000514  l_CSEG                          
C:   000005A6  s_CONST                         
C:   000005A6  s_XINIT                         

ASxxxx Linker V03.00 + NoICE + sdld,  page 3.
Hexadecimal  [32-Bits]

Area                                    Addr        Size        Decimal Bytes (Attributes)
--------------------------------        ----        ----        ------- ----- ------------
.  .ABS.                            00000000    00000000 =           0. bytes (ABS,CON)

      Value  Global                              Global Defined In Module
      -----  --------------------------------   ------------------------
     00000000  .__.ABS.                           _startup
     00000080  _P0                                timer_transmitter
     00000080  _P0_0                              timer_transmitter
     00000081  _P0_1                              timer_transmitter
     00000081  _SP                                timer_transmitter
     00000082  _DPL                               timer_transmitter
     00000082  _P0_2                              timer_transmitter
     00000083  _DPH                               timer_transmitter
     00000083  _P0_3                              timer_transmitter
     00000084  _P0_4                              timer_transmitter
     00000085  _P0_5                              timer_transmitter
     00000086  _P0_6                              timer_transmitter
     00000087  _P0_7                              timer_transmitter
     00000087  _PCON                              timer_transmitter
     00000088  _IT0                               timer_transmitter
     00000088  _TCON                              timer_transmitter
     00000089  _IE0                               timer_transmitter
     00000089  _TMOD                              timer_transmitter
     0000008A  _IT1                               timer_transmitter
     0000008A  _TL0                               timer_transmitter
     0000008B  _IE1                               timer_transmitter
     0000008B  _TL1                               timer_transmitter
     0000008C  _TH0                               timer_transmitter
     0000008C  _TR0                               timer_transmitter
     0000008D  _TF0                               timer_transmitter
     0000008D  _TH1                               timer_transmitter
     0000008E  _TR1                               timer_transmitter
     0000008F  _TF1                               timer_transmitter
     00000090  _P1                                timer_transmitter
     00000090  _P1_0                              timer_transmitter
     00000091  _P1_1                              timer_transmitter
     00000092  _P1_2                              timer_transmitter
     00000093  _P1_3                              timer_transmitter
     00000094  _P1_4                              timer_transmitter
     00000095  _P1_5                              timer_transmitter
     00000096  _P1_6                              timer_transmitter
     00000097  _P1_7                              timer_transmitter
     00000098  _RI                                timer_transmitter
     00000098  _SCON                              timer_transmitter
     00000099  _SBUF                              timer_transmitter
     00000099  _TI                                timer_transmitter
     0000009A  _RB8                               timer_transmitter
     0000009B  _TB8                               timer_transmitter
     0000009C  _REN                               timer_transmitter
     0000009D  _SM2                               timer_transmitter
     0000009E  _SM1                               timer_transmitter
     0000009F  _SM0                               timer_transmitter
     000000A0  _P2                                timer_transmitter
     000000A0  _P2_0                              timer_transmitter
     000000A0  __XPAGE                            
ASxxxx Linker V03.00 + NoICE + sdld,  page 4.
Hexadecimal  [32-Bits]

Area                                    Addr        Size        Decimal Bytes (Attributes)
--------------------------------        ----        ----        ------- ----- ------------
.  .ABS.                            00000000    00000000 =           0. bytes (ABS,CON)

      Value  Global                              Global Defined In Module
      -----  --------------------------------   ------------------------
     000000A1  _P2_1                              timer_transmitter
     000000A2  _P2_2                              timer_transmitter
     000000A3  _P2_3                              timer_transmitter
     000000A4  _P2_4                              timer_transmitter
     000000A5  _P2_5                              timer_transmitter
     000000A6  _P2_6                              timer_transmitter
     000000A7  _P2_7                              timer_transmitter
     000000A8  _EX0                               timer_transmitter
     000000A8  _IE                                timer_transmitter
     000000A9  _ET0                               timer_transmitter
     000000AA  _EX1                               timer_transmitter
     000000AB  _ET1                               timer_transmitter
     000000AC  _ES                                timer_transmitter
     000000AD  _ET2                               timer_transmitter
     000000AF  _EA                                timer_transmitter
     000000B0  _P3                                timer_transmitter
     000000B0  _P3_0                              timer_transmitter
     000000B0  _RXD                               timer_transmitter
     000000B1  _P3_1                              timer_transmitter
     000000B1  _TXD                               timer_transmitter
     000000B2  _INT0                              timer_transmitter
     000000B2  _P3_2                              timer_transmitter
     000000B3  _INT1                              timer_transmitter
     000000B3  _P3_3                              timer_transmitter
     000000B4  _P3_4                              timer_transmitter
     000000B4  _T0                                timer_transmitter
     000000B5  _P3_5                              timer_transmitter
     000000B5  _T1                                timer_transmitter
     000000B6  _P3_6                              timer_transmitter
     000000B6  _WR                                timer_transmitter
     000000B7  _P3_7                              timer_transmitter
     000000B7  _RD                                timer_transmitter
     000000B8  _IP                                timer_transmitter
     000000B8  _PX0                               timer_transmitter
     000000B9  _PT0                               timer_transmitter
     000000BA  _PX1                               timer_transmitter
     000000BB  _PT1                               timer_transmitter
     000000BC  _PS                                timer_transmitter
     000000BD  _PT2                               timer_transmitter
     000000C8  _CP_RL2                            timer_transmitter
     000000C8  _T2CON                             timer_transmitter
     000000C8  _T2CON_0                           timer_transmitter
     000000C9  _C_T2                              timer_transmitter
     000000C9  _T2CON_1                           timer_transmitter
     000000CA  _RCAP2L                            timer_transmitter
     000000CA  _T2CON_2                           timer_transmitter
     000000CA  _TR2                               timer_transmitter
     000000CB  _EXEN2                             timer_transmitter
     000000CB  _RCAP2H                            timer_transmitter
     000000CB  _T2CON_3                           timer_transmitter
     000000CC  _T2CON_4                           timer_transmitter
ASxxxx Linker V03.00 + NoICE + sdld,  page 5.
Hexadecimal  [32-Bits]

Area                                    Addr        Size        Decimal Bytes (Attributes)
--------------------------------        ----        ----        ------- ----- ------------
.  .ABS.                            00000000    00000000 =           0. bytes (ABS,CON)

      Value  Global                              Global Defined In Module
      -----  --------------------------------   ------------------------
     000000CC  _TCLK                              timer_transmitter
     000000CC  _TL2                               timer_transmitter
     000000CD  _RCLK                              timer_transmitter
     000000CD  _T2CON_5                           timer_transmitter
     000000CD  _TH2                               timer_transmitter
     000000CE  _EXF2                              timer_transmitter
     000000CE  _T2CON_6                           timer_transmitter
     000000CF  _T2CON_7                           timer_transmitter
     000000CF  _TF2                               timer_transmitter
     000000D0  _P                                 timer_transmitter
     000000D0  _PSW                               timer_transmitter
     000000D1  _F1                                timer_transmitter
     000000D2  _OV                                timer_transmitter
     000000D3  _RS0                               timer_transmitter
     000000D4  _RS1                               timer_transmitter
     000000D5  _F0                                timer_transmitter
     000000D6  _AC                                timer_transmitter
     000000D7  _CY                                timer_transmitter
     000000E0  _ACC                               timer_transmitter
     000000F0  _B                                 timer_transmitter

ASxxxx Linker V03.00 + NoICE + sdld,  page 6.
Hexadecimal  [32-Bits]

Area                                    Addr        Size        Decimal Bytes (Attributes)
--------------------------------        ----        ----        ------- ----- ------------
BSEG_BYTES                          00000020    00000001 =           1. bytes (REL,CON)

      Value  Global                              Global Defined In Module
      -----  --------------------------------   ------------------------
ASxxxx Linker V03.00 + NoICE + sdld,  page 7.
Hexadecimal  [32-Bits]

Area                                    Addr        Size        Decimal Bytes (Attributes)
--------------------------------        ----        ----        ------- ----- ------------
REG_BANK_0                          00000000    00000008 =           8. bytes (REL,OVR)

      Value  Global                              Global Defined In Module
      -----  --------------------------------   ------------------------
ASxxxx Linker V03.00 + NoICE + sdld,  page 8.
Hexadecimal  [32-Bits]

Area                                    Addr        Size        Decimal Bytes (Attributes)
--------------------------------        ----        ----        ------- ----- ------------
BIT_BANK                            00000021    00000001 =           1. bytes (REL,OVR)

      Value  Global                              Global Defined In Module
      -----  --------------------------------   ------------------------
ASxxxx Linker V03.00 + NoICE + sdld,  page 9.
Hexadecimal  [32-Bits]

Area                                    Addr        Size        Decimal Bytes (Attributes)
--------------------------------        ----        ----        ------- ----- ------------
DSEG                                00000000    00000077 =         119. bytes (REL,CON)

      Value  Global                              Global Defined In Module
      -----  --------------------------------   ------------------------
     00000008  _state                             timer_transmitter
     0000000A  _state_was                         timer_transmitter
     0000000C  _timerCount                        timer_transmitter
     0000000E  _time_delay                        timer_transmitter
     00000010  _button                            timer_transmitter
     00000011  _count                             timer_transmitter
     00000013  _data_r                            timer_transmitter
     00000014  _received                          timer_transmitter

ASxxxx Linker V03.00 + NoICE + sdld,  page 10.
Hexadecimal  [32-Bits]

Area                                    Addr        Size        Decimal Bytes (Attributes)
--------------------------------        ----        ----        ------- ----- ------------
OSEG                                00000015    00000002 =           2. bytes (REL,OVR)

      Value  Global                              Global Defined In Module
      -----  --------------------------------   ------------------------
     00000015  __modsint_PARM_2                   _moduint
     00000015  __moduint_PARM_2                   _moduint
     00000015  __mulint_PARM_2                    _mulint
ASxxxx Linker V03.00 + NoICE + sdld,  page 11.
Hexadecimal  [32-Bits]

Area                                    Addr        Size        Decimal Bytes (Attributes)
--------------------------------        ----        ----        ------- ----- ------------
SSEG                                00000022    000000DE =         222. bytes (REL,OVR)

      Value  Global                              Global Defined In Module
      -----  --------------------------------   ------------------------
     00000022  __start__stack                     timer_transmitter

ASxxxx Linker V03.00 + NoICE + sdld,  page 12.
Hexadecimal  [32-Bits]

Area                                    Addr        Size        Decimal Bytes (Attributes)
--------------------------------        ----        ----        ------- ----- ------------
HOME                                00000000    00000011 =          17. bytes (REL,CON,CODE)

      Value  Global                              Global Defined In Module
      -----  --------------------------------   ------------------------
C:   0000000E  __sdcc_program_startup             timer_transmitter

ASxxxx Linker V03.00 + NoICE + sdld,  page 13.
Hexadecimal  [32-Bits]

Area                                    Addr        Size        Decimal Bytes (Attributes)
--------------------------------        ----        ----        ------- ----- ------------
GSINIT0                             00000011    00000003 =           3. bytes (REL,CON,CODE)

      Value  Global                              Global Defined In Module
      -----  --------------------------------   ------------------------
C:   00000011  __sdcc_gsinit_startup              

ASxxxx Linker V03.00 + NoICE + sdld,  page 14.
Hexadecimal  [32-Bits]

Area                                    Addr        Size        Decimal Bytes (Attributes)
--------------------------------        ----        ----        ------- ----- ------------
GSINIT2                             00000014    0000000A =          10. bytes (REL,CON,CODE)

      Value  Global                              Global Defined In Module
      -----  --------------------------------   ------------------------
ASxxxx Linker V03.00 + NoICE + sdld,  page 15.
Hexadecimal  [32-Bits]

Area                                    Addr        Size        Decimal Bytes (Attributes)
--------------------------------        ----        ----        ------- ----- ------------
GSINIT3                             0000001E    00000022 =          34. bytes (REL,CON,CODE)

      Value  Global                              Global Defined In Module
      -----  --------------------------------   ------------------------
C:   0000001E  __mcs51_genXINIT                   

ASxxxx Linker V03.00 + NoICE + sdld,  page 16.
Hexadecimal  [32-Bits]

Area                                    Addr        Size        Decimal Bytes (Attributes)
--------------------------------        ----        ----        ------- ----- ------------
GSINIT4                             00000040    0000002A =          42. bytes (REL,CON,CODE)

      Value  Global                              Global Defined In Module
      -----  --------------------------------   ------------------------
C:   00000040  __mcs51_genRAMCLEAR                
C:   00000046  __mcs51_genXRAMCLEAR               

ASxxxx Linker V03.00 + NoICE + sdld,  page 17.
Hexadecimal  [32-Bits]

Area                                    Addr        Size        Decimal Bytes (Attributes)
--------------------------------        ----        ----        ------- ----- ------------
GSINIT                              0000006A    00000025 =          37. bytes (REL,CON,CODE)

      Value  Global                              Global Defined In Module
      -----  --------------------------------   ------------------------
ASxxxx Linker V03.00 + NoICE + sdld,  page 18.
Hexadecimal  [32-Bits]

Area                                    Addr        Size        Decimal Bytes (Attributes)
--------------------------------        ----        ----        ------- ----- ------------
GSFINAL                             0000008F    00000003 =           3. bytes (REL,CON,CODE)

      Value  Global                              Global Defined In Module
      -----  --------------------------------   ------------------------
ASxxxx Linker V03.00 + NoICE + sdld,  page 19.
Hexadecimal  [32-Bits]

Area                                    Addr        Size        Decimal Bytes (Attributes)
--------------------------------        ----        ----        ------- ----- ------------
CSEG                                00000092    00000514 =        1300. bytes (REL,CON,CODE)

      Value  Global                              Global Defined In Module
      -----  --------------------------------   ------------------------
C:   00000092  _isr_timer0                        timer_transmitter
C:   0000043A  _main                              timer_transmitter
C:   0000044A  _delay                             timer_transmitter
C:   00000473  _UART_Init                         timer_transmitter
C:   0000047F  _handshake                         timer_transmitter
C:   000004A5  _Transmit_data                     timer_transmitter
C:   000004AE  _startup                           timer_transmitter
C:   000004F4  _InitTimer1                        timer_transmitter
C:   00000502  __mulint                           _mulint
C:   00000502  __mulint_dummy                     _mulint
C:   0000051F  __moduint                          _moduint
C:   0000056C  __modsint                          _modsint
C:   000005A2  __sdcc_external_startup            _startup

ASxxxx Linker V03.00 + NoICE + sdld,  page 20.

Files Linked                              [ module(s) ]

timer_transmitter.rel                     [  ]


Libraries Linked                          [ object file ]

/usr/local/bin/../share/sdcc/lib/small/mcs51.lib
                                          [ crtclear.rel ]
/usr/local/bin/../share/sdcc/lib/small/mcs51.lib
                                          [ crtxinit.rel ]
/usr/local/bin/../share/sdcc/lib/small/libint.lib
                                          [ _mulint.rel ]
/usr/local/bin/../share/sdcc/lib/small/libint.lib
                                          [ _moduint.rel ]
/usr/local/bin/../share/sdcc/lib/small/mcs51.lib
                                          [ crtxclear.rel ]
/usr/local/bin/../share/sdcc/lib/small/mcs51.lib
                                          [ crtpagesfr.rel ]
/usr/local/bin/../share/sdcc/lib/small/mcs51.lib
                                          [ crtstart.rel ]
/usr/local/bin/../share/sdcc/lib/small/libint.lib
                                          [ _modsint.rel ]
/usr/local/bin/../share/sdcc/lib/small/libsdcc.lib
                                          [ _startup.rel ]

ASxxxx Linker V03.00 + NoICE + sdld,  page 21.

User Base Address Definitions

HOME = 0x0000
XSEG = 0x0001
PSEG = 0x0001
ISEG = 0x0000
BSEG = 0x0000

