ASxxxx Linker V03.00 + NoICE + sdld,  page 1.
Hexadecimal  [32-Bits]

Area                                    Addr        Size        Decimal Bytes (Attributes)
--------------------------------        ----        ----        ------- ----- ------------
CABS                                00000000    00000000 =           0. bytes (ABS,CON,CODE)

      Value  Global                              Global Defined In Module
      -----  --------------------------------   ------------------------
C:   00000000  l_CABS                          
C:   00000000  l_CONST                         
C:   00000000  l_GSINIT1                       
C:   00000000  l_GSINIT5                       
C:   00000000  l_IABS                          
C:   00000000  l_ISEG                          
C:   00000000  l_PSEG                          
C:   00000000  l_REG_BANK_1                    
C:   00000000  l_REG_BANK_2                    
C:   00000000  l_REG_BANK_3                    
C:   00000000  l_RSEG                          
C:   00000000  l_RSEG0                         
C:   00000000  l_RSEG1                         
C:   00000000  l_XABS                          
C:   00000000  l_XINIT                         
C:   00000000  l_XISEG                         
C:   00000000  l_XSEG                          
C:   00000000  l__CODE                         
C:   00000000  s_BSEG                          
C:   00000000  s_CABS                          
C:   00000000  s_DSEG                          
C:   00000000  s_HOME                          
C:   00000000  s_IABS                          
C:   00000000  s_ISEG                          
C:   00000000  s_REG_BANK_0                    
C:   00000000  s_RSEG                          
C:   00000000  s_RSEG0                         
C:   00000000  s_RSEG1                         
C:   00000000  s_XABS                          
C:   00000001  l_BIT_BANK                      
C:   00000001  l_BSEG                          
C:   00000001  l_BSEG_BYTES                    
C:   00000001  s_PSEG                          
C:   00000001  s_XISEG                         
C:   00000001  s_XSEG                          
C:   00000002  l_OSEG                          
C:   00000003  l_GSFINAL                       
C:   00000003  l_GSINIT0                       
C:   00000008  l_REG_BANK_0                    
C:   00000008  s_REG_BANK_1                    
C:   0000000A  l_GSINIT2                       
C:   0000000D  l_GSINIT                        
C:   00000010  s_REG_BANK_2                    
C:   00000011  l_HOME                          
C:   00000011  s_GSINIT0                       
C:   00000013  s_OSEG                          
C:   00000014  s_GSINIT1                       
C:   00000014  s_GSINIT2                       
C:   00000018  s_REG_BANK_3                    
C:   0000001E  s_GSINIT3                       
ASxxxx Linker V03.00 + NoICE + sdld,  page 2.
Hexadecimal  [32-Bits]

Area                                    Addr        Size        Decimal Bytes (Attributes)
--------------------------------        ----        ----        ------- ----- ------------
CABS                                00000000    00000000 =           0. bytes (ABS,CON,CODE)

      Value  Global                              Global Defined In Module
      -----  --------------------------------   ------------------------
C:   00000020  s_BSEG_BYTES                    
C:   00000020  s__CODE                         
C:   00000021  s_BIT_BANK                      
C:   00000022  l_GSINIT3                       
C:   00000022  s_SSEG                          
C:   0000002A  l_GSINIT4                       
C:   00000040  s_GSINIT4                       
C:   0000006A  s_GSINIT                        
C:   0000006A  s_GSINIT5                       
C:   00000075  l_DSEG                          
C:   00000077  s_GSFINAL                       
C:   0000007A  s_CSEG                          
C:   000000DE  l_SSEG                          
C:   00000100  l_IRAM                          
C:   000004CF  l_CSEG                          
C:   00000549  s_CONST                         
C:   00000549  s_XINIT                         

ASxxxx Linker V03.00 + NoICE + sdld,  page 3.
Hexadecimal  [32-Bits]

Area                                    Addr        Size        Decimal Bytes (Attributes)
--------------------------------        ----        ----        ------- ----- ------------
.  .ABS.                            00000000    00000000 =           0. bytes (ABS,CON)

      Value  Global                              Global Defined In Module
      -----  --------------------------------   ------------------------
     00000000  .__.ABS.                           _startup
     00000080  _P0                                Receiver
     00000080  _P0_0                              Receiver
     00000081  _P0_1                              Receiver
     00000081  _SP                                Receiver
     00000082  _DPL                               Receiver
     00000082  _P0_2                              Receiver
     00000083  _DPH                               Receiver
     00000083  _P0_3                              Receiver
     00000084  _P0_4                              Receiver
     00000085  _P0_5                              Receiver
     00000086  _P0_6                              Receiver
     00000087  _P0_7                              Receiver
     00000087  _PCON                              Receiver
     00000088  _IT0                               Receiver
     00000088  _TCON                              Receiver
     00000089  _IE0                               Receiver
     00000089  _TMOD                              Receiver
     0000008A  _IT1                               Receiver
     0000008A  _TL0                               Receiver
     0000008B  _IE1                               Receiver
     0000008B  _TL1                               Receiver
     0000008C  _TH0                               Receiver
     0000008C  _TR0                               Receiver
     0000008D  _TF0                               Receiver
     0000008D  _TH1                               Receiver
     0000008E  _TR1                               Receiver
     0000008F  _TF1                               Receiver
     00000090  _P1                                Receiver
     00000090  _P1_0                              Receiver
     00000091  _P1_1                              Receiver
     00000092  _P1_2                              Receiver
     00000093  _P1_3                              Receiver
     00000094  _P1_4                              Receiver
     00000095  _P1_5                              Receiver
     00000096  _P1_6                              Receiver
     00000097  _P1_7                              Receiver
     00000098  _RI                                Receiver
     00000098  _SCON                              Receiver
     00000099  _SBUF                              Receiver
     00000099  _TI                                Receiver
     0000009A  _RB8                               Receiver
     0000009B  _TB8                               Receiver
     0000009C  _REN                               Receiver
     0000009D  _SM2                               Receiver
     0000009E  _SM1                               Receiver
     0000009F  _SM0                               Receiver
     000000A0  _P2                                Receiver
     000000A0  _P2_0                              Receiver
     000000A0  __XPAGE                            
ASxxxx Linker V03.00 + NoICE + sdld,  page 4.
Hexadecimal  [32-Bits]

Area                                    Addr        Size        Decimal Bytes (Attributes)
--------------------------------        ----        ----        ------- ----- ------------
.  .ABS.                            00000000    00000000 =           0. bytes (ABS,CON)

      Value  Global                              Global Defined In Module
      -----  --------------------------------   ------------------------
     000000A1  _P2_1                              Receiver
     000000A2  _P2_2                              Receiver
     000000A3  _P2_3                              Receiver
     000000A4  _P2_4                              Receiver
     000000A5  _P2_5                              Receiver
     000000A6  _P2_6                              Receiver
     000000A7  _P2_7                              Receiver
     000000A8  _EX0                               Receiver
     000000A8  _IE                                Receiver
     000000A9  _ET0                               Receiver
     000000AA  _EX1                               Receiver
     000000AB  _ET1                               Receiver
     000000AC  _ES                                Receiver
     000000AD  _ET2                               Receiver
     000000AF  _EA                                Receiver
     000000B0  _P3                                Receiver
     000000B0  _P3_0                              Receiver
     000000B0  _RXD                               Receiver
     000000B1  _P3_1                              Receiver
     000000B1  _TXD                               Receiver
     000000B2  _INT0                              Receiver
     000000B2  _P3_2                              Receiver
     000000B3  _INT1                              Receiver
     000000B3  _P3_3                              Receiver
     000000B4  _P3_4                              Receiver
     000000B4  _T0                                Receiver
     000000B5  _P3_5                              Receiver
     000000B5  _T1                                Receiver
     000000B6  _P3_6                              Receiver
     000000B6  _WR                                Receiver
     000000B7  _P3_7                              Receiver
     000000B7  _RD                                Receiver
     000000B8  _IP                                Receiver
     000000B8  _PX0                               Receiver
     000000B9  _PT0                               Receiver
     000000BA  _PX1                               Receiver
     000000BB  _PT1                               Receiver
     000000BC  _PS                                Receiver
     000000BD  _PT2                               Receiver
     000000C8  _CP_RL2                            Receiver
     000000C8  _T2CON                             Receiver
     000000C8  _T2CON_0                           Receiver
     000000C9  _C_T2                              Receiver
     000000C9  _T2CON_1                           Receiver
     000000CA  _RCAP2L                            Receiver
     000000CA  _T2CON_2                           Receiver
     000000CA  _TR2                               Receiver
     000000CB  _EXEN2                             Receiver
     000000CB  _RCAP2H                            Receiver
     000000CB  _T2CON_3                           Receiver
     000000CC  _T2CON_4                           Receiver
ASxxxx Linker V03.00 + NoICE + sdld,  page 5.
Hexadecimal  [32-Bits]

Area                                    Addr        Size        Decimal Bytes (Attributes)
--------------------------------        ----        ----        ------- ----- ------------
.  .ABS.                            00000000    00000000 =           0. bytes (ABS,CON)

      Value  Global                              Global Defined In Module
      -----  --------------------------------   ------------------------
     000000CC  _TCLK                              Receiver
     000000CC  _TL2                               Receiver
     000000CD  _RCLK                              Receiver
     000000CD  _T2CON_5                           Receiver
     000000CD  _TH2                               Receiver
     000000CE  _EXF2                              Receiver
     000000CE  _T2CON_6                           Receiver
     000000CF  _T2CON_7                           Receiver
     000000CF  _TF2                               Receiver
     000000D0  _P                                 Receiver
     000000D0  _PSW                               Receiver
     000000D1  _F1                                Receiver
     000000D2  _OV                                Receiver
     000000D3  _RS0                               Receiver
     000000D4  _RS1                               Receiver
     000000D5  _F0                                Receiver
     000000D6  _AC                                Receiver
     000000D7  _CY                                Receiver
     000000E0  _ACC                               Receiver
     000000F0  _B                                 Receiver

ASxxxx Linker V03.00 + NoICE + sdld,  page 6.
Hexadecimal  [32-Bits]

Area                                    Addr        Size        Decimal Bytes (Attributes)
--------------------------------        ----        ----        ------- ----- ------------
BSEG_BYTES                          00000020    00000001 =           1. bytes (REL,CON)

      Value  Global                              Global Defined In Module
      -----  --------------------------------   ------------------------
ASxxxx Linker V03.00 + NoICE + sdld,  page 7.
Hexadecimal  [32-Bits]

Area                                    Addr        Size        Decimal Bytes (Attributes)
--------------------------------        ----        ----        ------- ----- ------------
REG_BANK_0                          00000000    00000008 =           8. bytes (REL,OVR)

      Value  Global                              Global Defined In Module
      -----  --------------------------------   ------------------------
ASxxxx Linker V03.00 + NoICE + sdld,  page 8.
Hexadecimal  [32-Bits]

Area                                    Addr        Size        Decimal Bytes (Attributes)
--------------------------------        ----        ----        ------- ----- ------------
BIT_BANK                            00000021    00000001 =           1. bytes (REL,OVR)

      Value  Global                              Global Defined In Module
      -----  --------------------------------   ------------------------
ASxxxx Linker V03.00 + NoICE + sdld,  page 9.
Hexadecimal  [32-Bits]

Area                                    Addr        Size        Decimal Bytes (Attributes)
--------------------------------        ----        ----        ------- ----- ------------
DSEG                                00000000    00000075 =         117. bytes (REL,CON)

      Value  Global                              Global Defined In Module
      -----  --------------------------------   ------------------------
     00000008  _start                             Receiver
     00000009  _data_r                            Receiver
     0000000A  _timerCount                        Receiver
     0000000C  _time_delay                        Receiver
     0000000E  _state                             Receiver
     00000010  _off                               Receiver
     00000012  _ac_state                          Receiver

ASxxxx Linker V03.00 + NoICE + sdld,  page 10.
Hexadecimal  [32-Bits]

Area                                    Addr        Size        Decimal Bytes (Attributes)
--------------------------------        ----        ----        ------- ----- ------------
OSEG                                00000013    00000002 =           2. bytes (REL,OVR)

      Value  Global                              Global Defined In Module
      -----  --------------------------------   ------------------------
     00000013  __mulint_PARM_2                    _mulint

ASxxxx Linker V03.00 + NoICE + sdld,  page 11.
Hexadecimal  [32-Bits]

Area                                    Addr        Size        Decimal Bytes (Attributes)
--------------------------------        ----        ----        ------- ----- ------------
SSEG                                00000022    000000DE =         222. bytes (REL,OVR)

      Value  Global                              Global Defined In Module
      -----  --------------------------------   ------------------------
     00000022  __start__stack                     Receiver

ASxxxx Linker V03.00 + NoICE + sdld,  page 12.
Hexadecimal  [32-Bits]

Area                                    Addr        Size        Decimal Bytes (Attributes)
--------------------------------        ----        ----        ------- ----- ------------
HOME                                00000000    00000011 =          17. bytes (REL,CON,CODE)

      Value  Global                              Global Defined In Module
      -----  --------------------------------   ------------------------
C:   0000000E  __sdcc_program_startup             Receiver

ASxxxx Linker V03.00 + NoICE + sdld,  page 13.
Hexadecimal  [32-Bits]

Area                                    Addr        Size        Decimal Bytes (Attributes)
--------------------------------        ----        ----        ------- ----- ------------
GSINIT0                             00000011    00000003 =           3. bytes (REL,CON,CODE)

      Value  Global                              Global Defined In Module
      -----  --------------------------------   ------------------------
C:   00000011  __sdcc_gsinit_startup              

ASxxxx Linker V03.00 + NoICE + sdld,  page 14.
Hexadecimal  [32-Bits]

Area                                    Addr        Size        Decimal Bytes (Attributes)
--------------------------------        ----        ----        ------- ----- ------------
GSINIT2                             00000014    0000000A =          10. bytes (REL,CON,CODE)

      Value  Global                              Global Defined In Module
      -----  --------------------------------   ------------------------
ASxxxx Linker V03.00 + NoICE + sdld,  page 15.
Hexadecimal  [32-Bits]

Area                                    Addr        Size        Decimal Bytes (Attributes)
--------------------------------        ----        ----        ------- ----- ------------
GSINIT3                             0000001E    00000022 =          34. bytes (REL,CON,CODE)

      Value  Global                              Global Defined In Module
      -----  --------------------------------   ------------------------
C:   0000001E  __mcs51_genXINIT                   

ASxxxx Linker V03.00 + NoICE + sdld,  page 16.
Hexadecimal  [32-Bits]

Area                                    Addr        Size        Decimal Bytes (Attributes)
--------------------------------        ----        ----        ------- ----- ------------
GSINIT4                             00000040    0000002A =          42. bytes (REL,CON,CODE)

      Value  Global                              Global Defined In Module
      -----  --------------------------------   ------------------------
C:   00000040  __mcs51_genRAMCLEAR                
C:   00000046  __mcs51_genXRAMCLEAR               

ASxxxx Linker V03.00 + NoICE + sdld,  page 17.
Hexadecimal  [32-Bits]

Area                                    Addr        Size        Decimal Bytes (Attributes)
--------------------------------        ----        ----        ------- ----- ------------
GSINIT                              0000006A    0000000D =          13. bytes (REL,CON,CODE)

      Value  Global                              Global Defined In Module
      -----  --------------------------------   ------------------------
ASxxxx Linker V03.00 + NoICE + sdld,  page 18.
Hexadecimal  [32-Bits]

Area                                    Addr        Size        Decimal Bytes (Attributes)
--------------------------------        ----        ----        ------- ----- ------------
GSFINAL                             00000077    00000003 =           3. bytes (REL,CON,CODE)

      Value  Global                              Global Defined In Module
      -----  --------------------------------   ------------------------
ASxxxx Linker V03.00 + NoICE + sdld,  page 19.
Hexadecimal  [32-Bits]

Area                                    Addr        Size        Decimal Bytes (Attributes)
--------------------------------        ----        ----        ------- ----- ------------
CSEG                                0000007A    000004CF =        1231. bytes (REL,CON,CODE)

      Value  Global                              Global Defined In Module
      -----  --------------------------------   ------------------------
C:   0000007A  _isr_timer0                        Receiver
C:   000002C2  _main                              Receiver
C:   000002E3  _startup                           Receiver
C:   00000342  _delay                             Receiver
C:   0000036B  _UART_Init                         Receiver
C:   00000377  _Transmit_data                     Receiver
C:   00000380  _handshake                         Receiver
C:   000003C3  _check_data                        Receiver
C:   000004C3  _InitTimer0                        Receiver
C:   000004D1  _check_ac                          Receiver
C:   00000528  __mulint                           _mulint
C:   00000528  __mulint_dummy                     _mulint
C:   00000545  __sdcc_external_startup            _startup

ASxxxx Linker V03.00 + NoICE + sdld,  page 20.

Files Linked                              [ module(s) ]

Receiver.rel                              [  ]


Libraries Linked                          [ object file ]

/usr/local/bin/../share/sdcc/lib/small/mcs51.lib
                                          [ crtclear.rel ]
/usr/local/bin/../share/sdcc/lib/small/mcs51.lib
                                          [ crtxinit.rel ]
/usr/local/bin/../share/sdcc/lib/small/libint.lib
                                          [ _mulint.rel ]
/usr/local/bin/../share/sdcc/lib/small/mcs51.lib
                                          [ crtxclear.rel ]
/usr/local/bin/../share/sdcc/lib/small/mcs51.lib
                                          [ crtpagesfr.rel ]
/usr/local/bin/../share/sdcc/lib/small/mcs51.lib
                                          [ crtstart.rel ]
/usr/local/bin/../share/sdcc/lib/small/libsdcc.lib
                                          [ _startup.rel ]

ASxxxx Linker V03.00 + NoICE + sdld,  page 21.

User Base Address Definitions

HOME = 0x0000
XSEG = 0x0001
PSEG = 0x0001
ISEG = 0x0000
BSEG = 0x0000

