ASxxxx Linker V03.00 + NoICE + sdld,  page 1.
Hexadecimal  [32-Bits]

Area                                    Addr        Size        Decimal Bytes (Attributes)
--------------------------------        ----        ----        ------- ----- ------------
CABS                                00000000    00000000 =           0. bytes (ABS,CON,CODE)

      Value  Global                              Global Defined In Module
      -----  --------------------------------   ------------------------
C:   00000000  l_BSEG                          
C:   00000000  l_BSEG_BYTES                    
C:   00000000  l_CABS                          
C:   00000000  l_CONST                         
C:   00000000  l_GSINIT1                       
C:   00000000  l_GSINIT5                       
C:   00000000  l_IABS                          
C:   00000000  l_ISEG                          
C:   00000000  l_OSEG                          
C:   00000000  l_PSEG                          
C:   00000000  l_REG_BANK_1                    
C:   00000000  l_REG_BANK_2                    
C:   00000000  l_REG_BANK_3                    
C:   00000000  l_RSEG                          
C:   00000000  l_RSEG0                         
C:   00000000  l_RSEG1                         
C:   00000000  l_XABS                          
C:   00000000  l_XINIT                         
C:   00000000  l_XISEG                         
C:   00000000  l_XSEG                          
C:   00000000  l__CODE                         
C:   00000000  s_BSEG                          
C:   00000000  s_CABS                          
C:   00000000  s_DSEG                          
C:   00000000  s_HOME                          
C:   00000000  s_IABS                          
C:   00000000  s_ISEG                          
C:   00000000  s_REG_BANK_0                    
C:   00000000  s_RSEG                          
C:   00000000  s_RSEG0                         
C:   00000000  s_RSEG1                         
C:   00000000  s_XABS                          
C:   00000001  l_BIT_BANK                      
C:   00000001  s_PSEG                          
C:   00000001  s_XISEG                         
C:   00000001  s_XSEG                          
C:   00000003  l_GSFINAL                       
C:   00000003  l_GSINIT0                       
C:   00000008  l_REG_BANK_0                    
C:   00000008  s_REG_BANK_1                    
C:   0000000A  l_GSINIT2                       
C:   00000010  s_REG_BANK_2                    
C:   00000011  l_HOME                          
C:   00000011  s_GSINIT0                       
C:   00000013  l_GSINIT                        
C:   00000014  s_GSINIT1                       
C:   00000014  s_GSINIT2                       
C:   00000018  s_REG_BANK_3                    
C:   0000001E  s_GSINIT3                       
C:   00000020  s_BIT_BANK                      
ASxxxx Linker V03.00 + NoICE + sdld,  page 2.
Hexadecimal  [32-Bits]

Area                                    Addr        Size        Decimal Bytes (Attributes)
--------------------------------        ----        ----        ------- ----- ------------
CABS                                00000000    00000000 =           0. bytes (ABS,CON,CODE)

      Value  Global                              Global Defined In Module
      -----  --------------------------------   ------------------------
C:   00000020  s_BSEG_BYTES                    
C:   00000020  s_OSEG                          
C:   00000020  s__CODE                         
C:   00000021  s_SSEG                          
C:   00000022  l_GSINIT3                       
C:   0000002A  l_GSINIT4                       
C:   00000040  s_GSINIT4                       
C:   0000006A  s_GSINIT                        
C:   0000006A  s_GSINIT5                       
C:   00000070  l_DSEG                          
C:   0000007D  s_GSFINAL                       
C:   00000080  s_CSEG                          
C:   000000DF  l_SSEG                          
C:   00000100  l_IRAM                          
C:   0000034C  l_CSEG                          
C:   000003CC  s_CONST                         
C:   000003CC  s_XINIT                         

ASxxxx Linker V03.00 + NoICE + sdld,  page 3.
Hexadecimal  [32-Bits]

Area                                    Addr        Size        Decimal Bytes (Attributes)
--------------------------------        ----        ----        ------- ----- ------------
.  .ABS.                            00000000    00000000 =           0. bytes (ABS,CON)

      Value  Global                              Global Defined In Module
      -----  --------------------------------   ------------------------
     00000000  .__.ABS.                           _startup
     00000080  _P0                                transmitter_prev
     00000080  _P0_0                              transmitter_prev
     00000081  _P0_1                              transmitter_prev
     00000081  _SP                                transmitter_prev
     00000082  _DPL                               transmitter_prev
     00000082  _P0_2                              transmitter_prev
     00000083  _DPH                               transmitter_prev
     00000083  _P0_3                              transmitter_prev
     00000084  _P0_4                              transmitter_prev
     00000085  _P0_5                              transmitter_prev
     00000086  _P0_6                              transmitter_prev
     00000087  _P0_7                              transmitter_prev
     00000087  _PCON                              transmitter_prev
     00000088  _IT0                               transmitter_prev
     00000088  _TCON                              transmitter_prev
     00000089  _IE0                               transmitter_prev
     00000089  _TMOD                              transmitter_prev
     0000008A  _IT1                               transmitter_prev
     0000008A  _TL0                               transmitter_prev
     0000008B  _IE1                               transmitter_prev
     0000008B  _TL1                               transmitter_prev
     0000008C  _TH0                               transmitter_prev
     0000008C  _TR0                               transmitter_prev
     0000008D  _TF0                               transmitter_prev
     0000008D  _TH1                               transmitter_prev
     0000008E  _TR1                               transmitter_prev
     0000008F  _TF1                               transmitter_prev
     00000090  _P1                                transmitter_prev
     00000090  _P1_0                              transmitter_prev
     00000091  _P1_1                              transmitter_prev
     00000092  _P1_2                              transmitter_prev
     00000093  _P1_3                              transmitter_prev
     00000094  _P1_4                              transmitter_prev
     00000095  _P1_5                              transmitter_prev
     00000096  _P1_6                              transmitter_prev
     00000097  _P1_7                              transmitter_prev
     00000098  _RI                                transmitter_prev
     00000098  _SCON                              transmitter_prev
     00000099  _SBUF                              transmitter_prev
     00000099  _TI                                transmitter_prev
     0000009A  _RB8                               transmitter_prev
     0000009B  _TB8                               transmitter_prev
     0000009C  _REN                               transmitter_prev
     0000009D  _SM2                               transmitter_prev
     0000009E  _SM1                               transmitter_prev
     0000009F  _SM0                               transmitter_prev
     000000A0  _P2                                transmitter_prev
     000000A0  _P2_0                              transmitter_prev
     000000A0  __XPAGE                            
ASxxxx Linker V03.00 + NoICE + sdld,  page 4.
Hexadecimal  [32-Bits]

Area                                    Addr        Size        Decimal Bytes (Attributes)
--------------------------------        ----        ----        ------- ----- ------------
.  .ABS.                            00000000    00000000 =           0. bytes (ABS,CON)

      Value  Global                              Global Defined In Module
      -----  --------------------------------   ------------------------
     000000A1  _P2_1                              transmitter_prev
     000000A2  _P2_2                              transmitter_prev
     000000A3  _P2_3                              transmitter_prev
     000000A4  _P2_4                              transmitter_prev
     000000A5  _P2_5                              transmitter_prev
     000000A6  _P2_6                              transmitter_prev
     000000A7  _P2_7                              transmitter_prev
     000000A8  _EX0                               transmitter_prev
     000000A8  _IE                                transmitter_prev
     000000A9  _ET0                               transmitter_prev
     000000AA  _EX1                               transmitter_prev
     000000AB  _ET1                               transmitter_prev
     000000AC  _ES                                transmitter_prev
     000000AD  _ET2                               transmitter_prev
     000000AF  _EA                                transmitter_prev
     000000B0  _P3                                transmitter_prev
     000000B0  _P3_0                              transmitter_prev
     000000B0  _RXD                               transmitter_prev
     000000B1  _P3_1                              transmitter_prev
     000000B1  _TXD                               transmitter_prev
     000000B2  _INT0                              transmitter_prev
     000000B2  _P3_2                              transmitter_prev
     000000B3  _INT1                              transmitter_prev
     000000B3  _P3_3                              transmitter_prev
     000000B4  _P3_4                              transmitter_prev
     000000B4  _T0                                transmitter_prev
     000000B5  _P3_5                              transmitter_prev
     000000B5  _T1                                transmitter_prev
     000000B6  _P3_6                              transmitter_prev
     000000B6  _WR                                transmitter_prev
     000000B7  _P3_7                              transmitter_prev
     000000B7  _RD                                transmitter_prev
     000000B8  _IP                                transmitter_prev
     000000B8  _PX0                               transmitter_prev
     000000B9  _PT0                               transmitter_prev
     000000BA  _PX1                               transmitter_prev
     000000BB  _PT1                               transmitter_prev
     000000BC  _PS                                transmitter_prev
     000000BD  _PT2                               transmitter_prev
     000000C8  _CP_RL2                            transmitter_prev
     000000C8  _T2CON                             transmitter_prev
     000000C8  _T2CON_0                           transmitter_prev
     000000C9  _C_T2                              transmitter_prev
     000000C9  _T2CON_1                           transmitter_prev
     000000CA  _RCAP2L                            transmitter_prev
     000000CA  _T2CON_2                           transmitter_prev
     000000CA  _TR2                               transmitter_prev
     000000CB  _EXEN2                             transmitter_prev
     000000CB  _RCAP2H                            transmitter_prev
     000000CB  _T2CON_3                           transmitter_prev
     000000CC  _T2CON_4                           transmitter_prev
ASxxxx Linker V03.00 + NoICE + sdld,  page 5.
Hexadecimal  [32-Bits]

Area                                    Addr        Size        Decimal Bytes (Attributes)
--------------------------------        ----        ----        ------- ----- ------------
.  .ABS.                            00000000    00000000 =           0. bytes (ABS,CON)

      Value  Global                              Global Defined In Module
      -----  --------------------------------   ------------------------
     000000CC  _TCLK                              transmitter_prev
     000000CC  _TL2                               transmitter_prev
     000000CD  _RCLK                              transmitter_prev
     000000CD  _T2CON_5                           transmitter_prev
     000000CD  _TH2                               transmitter_prev
     000000CE  _EXF2                              transmitter_prev
     000000CE  _T2CON_6                           transmitter_prev
     000000CF  _T2CON_7                           transmitter_prev
     000000CF  _TF2                               transmitter_prev
     000000D0  _P                                 transmitter_prev
     000000D0  _PSW                               transmitter_prev
     000000D1  _F1                                transmitter_prev
     000000D2  _OV                                transmitter_prev
     000000D3  _RS0                               transmitter_prev
     000000D4  _RS1                               transmitter_prev
     000000D5  _F0                                transmitter_prev
     000000D6  _AC                                transmitter_prev
     000000D7  _CY                                transmitter_prev
     000000E0  _ACC                               transmitter_prev
     000000F0  _B                                 transmitter_prev

ASxxxx Linker V03.00 + NoICE + sdld,  page 6.
Hexadecimal  [32-Bits]

Area                                    Addr        Size        Decimal Bytes (Attributes)
--------------------------------        ----        ----        ------- ----- ------------
REG_BANK_0                          00000000    00000008 =           8. bytes (REL,OVR)

      Value  Global                              Global Defined In Module
      -----  --------------------------------   ------------------------
ASxxxx Linker V03.00 + NoICE + sdld,  page 7.
Hexadecimal  [32-Bits]

Area                                    Addr        Size        Decimal Bytes (Attributes)
--------------------------------        ----        ----        ------- ----- ------------
BIT_BANK                            00000020    00000001 =           1. bytes (REL,OVR)

      Value  Global                              Global Defined In Module
      -----  --------------------------------   ------------------------
ASxxxx Linker V03.00 + NoICE + sdld,  page 8.
Hexadecimal  [32-Bits]

Area                                    Addr        Size        Decimal Bytes (Attributes)
--------------------------------        ----        ----        ------- ----- ------------
DSEG                                00000000    00000070 =         112. bytes (REL,CON)

      Value  Global                              Global Defined In Module
      -----  --------------------------------   ------------------------
     00000008  _state                             transmitter_prev
     0000000A  _data_r                            transmitter_prev
     0000000B  _received                          transmitter_prev
     0000000C  _timerCount                        transmitter_prev
     0000000E  _time_delay                        transmitter_prev

ASxxxx Linker V03.00 + NoICE + sdld,  page 9.
Hexadecimal  [32-Bits]

Area                                    Addr        Size        Decimal Bytes (Attributes)
--------------------------------        ----        ----        ------- ----- ------------
SSEG                                00000021    000000DF =         223. bytes (REL,OVR)

      Value  Global                              Global Defined In Module
      -----  --------------------------------   ------------------------
     00000021  __start__stack                     transmitter_prev

ASxxxx Linker V03.00 + NoICE + sdld,  page 10.
Hexadecimal  [32-Bits]

Area                                    Addr        Size        Decimal Bytes (Attributes)
--------------------------------        ----        ----        ------- ----- ------------
HOME                                00000000    00000011 =          17. bytes (REL,CON,CODE)

      Value  Global                              Global Defined In Module
      -----  --------------------------------   ------------------------
C:   0000000E  __sdcc_program_startup             transmitter_prev

ASxxxx Linker V03.00 + NoICE + sdld,  page 11.
Hexadecimal  [32-Bits]

Area                                    Addr        Size        Decimal Bytes (Attributes)
--------------------------------        ----        ----        ------- ----- ------------
GSINIT0                             00000011    00000003 =           3. bytes (REL,CON,CODE)

      Value  Global                              Global Defined In Module
      -----  --------------------------------   ------------------------
C:   00000011  __sdcc_gsinit_startup              

ASxxxx Linker V03.00 + NoICE + sdld,  page 12.
Hexadecimal  [32-Bits]

Area                                    Addr        Size        Decimal Bytes (Attributes)
--------------------------------        ----        ----        ------- ----- ------------
GSINIT2                             00000014    0000000A =          10. bytes (REL,CON,CODE)

      Value  Global                              Global Defined In Module
      -----  --------------------------------   ------------------------
ASxxxx Linker V03.00 + NoICE + sdld,  page 13.
Hexadecimal  [32-Bits]

Area                                    Addr        Size        Decimal Bytes (Attributes)
--------------------------------        ----        ----        ------- ----- ------------
GSINIT3                             0000001E    00000022 =          34. bytes (REL,CON,CODE)

      Value  Global                              Global Defined In Module
      -----  --------------------------------   ------------------------
C:   0000001E  __mcs51_genXINIT                   

ASxxxx Linker V03.00 + NoICE + sdld,  page 14.
Hexadecimal  [32-Bits]

Area                                    Addr        Size        Decimal Bytes (Attributes)
--------------------------------        ----        ----        ------- ----- ------------
GSINIT4                             00000040    0000002A =          42. bytes (REL,CON,CODE)

      Value  Global                              Global Defined In Module
      -----  --------------------------------   ------------------------
C:   00000040  __mcs51_genRAMCLEAR                
C:   00000046  __mcs51_genXRAMCLEAR               

ASxxxx Linker V03.00 + NoICE + sdld,  page 15.
Hexadecimal  [32-Bits]

Area                                    Addr        Size        Decimal Bytes (Attributes)
--------------------------------        ----        ----        ------- ----- ------------
GSINIT                              0000006A    00000013 =          19. bytes (REL,CON,CODE)

      Value  Global                              Global Defined In Module
      -----  --------------------------------   ------------------------
ASxxxx Linker V03.00 + NoICE + sdld,  page 16.
Hexadecimal  [32-Bits]

Area                                    Addr        Size        Decimal Bytes (Attributes)
--------------------------------        ----        ----        ------- ----- ------------
GSFINAL                             0000007D    00000003 =           3. bytes (REL,CON,CODE)

      Value  Global                              Global Defined In Module
      -----  --------------------------------   ------------------------
ASxxxx Linker V03.00 + NoICE + sdld,  page 17.
Hexadecimal  [32-Bits]

Area                                    Addr        Size        Decimal Bytes (Attributes)
--------------------------------        ----        ----        ------- ----- ------------
CSEG                                00000080    0000034C =         844. bytes (REL,CON,CODE)

      Value  Global                              Global Defined In Module
      -----  --------------------------------   ------------------------
C:   00000080  _isr_timer0                        transmitter_prev
C:   00000204  _main                              transmitter_prev
C:   0000024B  _delay                             transmitter_prev
C:   00000274  _UART_Init                         transmitter_prev
C:   00000280  _Transmit_data                     transmitter_prev
C:   00000289  _check_x                           transmitter_prev
C:   000002B4  _startup                           transmitter_prev
C:   000002F0  _touch                             transmitter_prev
C:   000003BA  _InitTimer1                        transmitter_prev
C:   000003C8  __sdcc_external_startup            _startup

ASxxxx Linker V03.00 + NoICE + sdld,  page 18.

Files Linked                              [ module(s) ]

transmitter_prev.rel                      [  ]


Libraries Linked                          [ object file ]

/usr/local/bin/../share/sdcc/lib/small/mcs51.lib
                                          [ crtclear.rel ]
/usr/local/bin/../share/sdcc/lib/small/mcs51.lib
                                          [ crtxinit.rel ]
/usr/local/bin/../share/sdcc/lib/small/mcs51.lib
                                          [ crtxclear.rel ]
/usr/local/bin/../share/sdcc/lib/small/mcs51.lib
                                          [ crtpagesfr.rel ]
/usr/local/bin/../share/sdcc/lib/small/mcs51.lib
                                          [ crtstart.rel ]
/usr/local/bin/../share/sdcc/lib/small/libsdcc.lib
                                          [ _startup.rel ]

ASxxxx Linker V03.00 + NoICE + sdld,  page 19.

User Base Address Definitions

HOME = 0x0000
XSEG = 0x0001
PSEG = 0x0001
ISEG = 0x0000
BSEG = 0x0000

