                                      1 ;--------------------------------------------------------
                                      2 ; File Created by SDCC : free open source ANSI-C Compiler
                                      3 ; Version 3.9.4 #11418 (Linux)
                                      4 ;--------------------------------------------------------
                                      5 	.module transmitter
                                      6 	.optsdcc -mmcs51 --model-small
                                      7 	
                                      8 ;--------------------------------------------------------
                                      9 ; Public variables in this module
                                     10 ;--------------------------------------------------------
                                     11 	.globl _main
                                     12 	.globl _isr_timer0
                                     13 	.globl _TF2
                                     14 	.globl _EXF2
                                     15 	.globl _RCLK
                                     16 	.globl _TCLK
                                     17 	.globl _EXEN2
                                     18 	.globl _TR2
                                     19 	.globl _C_T2
                                     20 	.globl _CP_RL2
                                     21 	.globl _T2CON_7
                                     22 	.globl _T2CON_6
                                     23 	.globl _T2CON_5
                                     24 	.globl _T2CON_4
                                     25 	.globl _T2CON_3
                                     26 	.globl _T2CON_2
                                     27 	.globl _T2CON_1
                                     28 	.globl _T2CON_0
                                     29 	.globl _PT2
                                     30 	.globl _ET2
                                     31 	.globl _CY
                                     32 	.globl _AC
                                     33 	.globl _F0
                                     34 	.globl _RS1
                                     35 	.globl _RS0
                                     36 	.globl _OV
                                     37 	.globl _F1
                                     38 	.globl _P
                                     39 	.globl _PS
                                     40 	.globl _PT1
                                     41 	.globl _PX1
                                     42 	.globl _PT0
                                     43 	.globl _PX0
                                     44 	.globl _RD
                                     45 	.globl _WR
                                     46 	.globl _T1
                                     47 	.globl _T0
                                     48 	.globl _INT1
                                     49 	.globl _INT0
                                     50 	.globl _TXD
                                     51 	.globl _RXD
                                     52 	.globl _P3_7
                                     53 	.globl _P3_6
                                     54 	.globl _P3_5
                                     55 	.globl _P3_4
                                     56 	.globl _P3_3
                                     57 	.globl _P3_2
                                     58 	.globl _P3_1
                                     59 	.globl _P3_0
                                     60 	.globl _EA
                                     61 	.globl _ES
                                     62 	.globl _ET1
                                     63 	.globl _EX1
                                     64 	.globl _ET0
                                     65 	.globl _EX0
                                     66 	.globl _P2_7
                                     67 	.globl _P2_6
                                     68 	.globl _P2_5
                                     69 	.globl _P2_4
                                     70 	.globl _P2_3
                                     71 	.globl _P2_2
                                     72 	.globl _P2_1
                                     73 	.globl _P2_0
                                     74 	.globl _SM0
                                     75 	.globl _SM1
                                     76 	.globl _SM2
                                     77 	.globl _REN
                                     78 	.globl _TB8
                                     79 	.globl _RB8
                                     80 	.globl _TI
                                     81 	.globl _RI
                                     82 	.globl _P1_7
                                     83 	.globl _P1_6
                                     84 	.globl _P1_5
                                     85 	.globl _P1_4
                                     86 	.globl _P1_3
                                     87 	.globl _P1_2
                                     88 	.globl _P1_1
                                     89 	.globl _P1_0
                                     90 	.globl _TF1
                                     91 	.globl _TR1
                                     92 	.globl _TF0
                                     93 	.globl _TR0
                                     94 	.globl _IE1
                                     95 	.globl _IT1
                                     96 	.globl _IE0
                                     97 	.globl _IT0
                                     98 	.globl _P0_7
                                     99 	.globl _P0_6
                                    100 	.globl _P0_5
                                    101 	.globl _P0_4
                                    102 	.globl _P0_3
                                    103 	.globl _P0_2
                                    104 	.globl _P0_1
                                    105 	.globl _P0_0
                                    106 	.globl _TH2
                                    107 	.globl _TL2
                                    108 	.globl _RCAP2H
                                    109 	.globl _RCAP2L
                                    110 	.globl _T2CON
                                    111 	.globl _B
                                    112 	.globl _ACC
                                    113 	.globl _PSW
                                    114 	.globl _IP
                                    115 	.globl _P3
                                    116 	.globl _IE
                                    117 	.globl _P2
                                    118 	.globl _SBUF
                                    119 	.globl _SCON
                                    120 	.globl _P1
                                    121 	.globl _TH1
                                    122 	.globl _TH0
                                    123 	.globl _TL1
                                    124 	.globl _TL0
                                    125 	.globl _TMOD
                                    126 	.globl _TCON
                                    127 	.globl _PCON
                                    128 	.globl _DPH
                                    129 	.globl _DPL
                                    130 	.globl _SP
                                    131 	.globl _P0
                                    132 	.globl _pushed
                                    133 	.globl _a_g
                                    134 	.globl _received
                                    135 	.globl _data_r
                                    136 	.globl _button
                                    137 	.globl _time_delay
                                    138 	.globl _timerCount
                                    139 	.globl _state_was
                                    140 	.globl _state
                                    141 	.globl _delay
                                    142 	.globl _startup
                                    143 	.globl _UART_Init
                                    144 	.globl _handshake
                                    145 	.globl _Transmit_data
                                    146 	.globl _check_x
                                    147 	.globl _InitTimer1
                                    148 	.globl _default_and_a_g
                                    149 ;--------------------------------------------------------
                                    150 ; special function registers
                                    151 ;--------------------------------------------------------
                                    152 	.area RSEG    (ABS,DATA)
      000000                        153 	.org 0x0000
                           000080   154 _P0	=	0x0080
                           000081   155 _SP	=	0x0081
                           000082   156 _DPL	=	0x0082
                           000083   157 _DPH	=	0x0083
                           000087   158 _PCON	=	0x0087
                           000088   159 _TCON	=	0x0088
                           000089   160 _TMOD	=	0x0089
                           00008A   161 _TL0	=	0x008a
                           00008B   162 _TL1	=	0x008b
                           00008C   163 _TH0	=	0x008c
                           00008D   164 _TH1	=	0x008d
                           000090   165 _P1	=	0x0090
                           000098   166 _SCON	=	0x0098
                           000099   167 _SBUF	=	0x0099
                           0000A0   168 _P2	=	0x00a0
                           0000A8   169 _IE	=	0x00a8
                           0000B0   170 _P3	=	0x00b0
                           0000B8   171 _IP	=	0x00b8
                           0000D0   172 _PSW	=	0x00d0
                           0000E0   173 _ACC	=	0x00e0
                           0000F0   174 _B	=	0x00f0
                           0000C8   175 _T2CON	=	0x00c8
                           0000CA   176 _RCAP2L	=	0x00ca
                           0000CB   177 _RCAP2H	=	0x00cb
                           0000CC   178 _TL2	=	0x00cc
                           0000CD   179 _TH2	=	0x00cd
                                    180 ;--------------------------------------------------------
                                    181 ; special function bits
                                    182 ;--------------------------------------------------------
                                    183 	.area RSEG    (ABS,DATA)
      000000                        184 	.org 0x0000
                           000080   185 _P0_0	=	0x0080
                           000081   186 _P0_1	=	0x0081
                           000082   187 _P0_2	=	0x0082
                           000083   188 _P0_3	=	0x0083
                           000084   189 _P0_4	=	0x0084
                           000085   190 _P0_5	=	0x0085
                           000086   191 _P0_6	=	0x0086
                           000087   192 _P0_7	=	0x0087
                           000088   193 _IT0	=	0x0088
                           000089   194 _IE0	=	0x0089
                           00008A   195 _IT1	=	0x008a
                           00008B   196 _IE1	=	0x008b
                           00008C   197 _TR0	=	0x008c
                           00008D   198 _TF0	=	0x008d
                           00008E   199 _TR1	=	0x008e
                           00008F   200 _TF1	=	0x008f
                           000090   201 _P1_0	=	0x0090
                           000091   202 _P1_1	=	0x0091
                           000092   203 _P1_2	=	0x0092
                           000093   204 _P1_3	=	0x0093
                           000094   205 _P1_4	=	0x0094
                           000095   206 _P1_5	=	0x0095
                           000096   207 _P1_6	=	0x0096
                           000097   208 _P1_7	=	0x0097
                           000098   209 _RI	=	0x0098
                           000099   210 _TI	=	0x0099
                           00009A   211 _RB8	=	0x009a
                           00009B   212 _TB8	=	0x009b
                           00009C   213 _REN	=	0x009c
                           00009D   214 _SM2	=	0x009d
                           00009E   215 _SM1	=	0x009e
                           00009F   216 _SM0	=	0x009f
                           0000A0   217 _P2_0	=	0x00a0
                           0000A1   218 _P2_1	=	0x00a1
                           0000A2   219 _P2_2	=	0x00a2
                           0000A3   220 _P2_3	=	0x00a3
                           0000A4   221 _P2_4	=	0x00a4
                           0000A5   222 _P2_5	=	0x00a5
                           0000A6   223 _P2_6	=	0x00a6
                           0000A7   224 _P2_7	=	0x00a7
                           0000A8   225 _EX0	=	0x00a8
                           0000A9   226 _ET0	=	0x00a9
                           0000AA   227 _EX1	=	0x00aa
                           0000AB   228 _ET1	=	0x00ab
                           0000AC   229 _ES	=	0x00ac
                           0000AF   230 _EA	=	0x00af
                           0000B0   231 _P3_0	=	0x00b0
                           0000B1   232 _P3_1	=	0x00b1
                           0000B2   233 _P3_2	=	0x00b2
                           0000B3   234 _P3_3	=	0x00b3
                           0000B4   235 _P3_4	=	0x00b4
                           0000B5   236 _P3_5	=	0x00b5
                           0000B6   237 _P3_6	=	0x00b6
                           0000B7   238 _P3_7	=	0x00b7
                           0000B0   239 _RXD	=	0x00b0
                           0000B1   240 _TXD	=	0x00b1
                           0000B2   241 _INT0	=	0x00b2
                           0000B3   242 _INT1	=	0x00b3
                           0000B4   243 _T0	=	0x00b4
                           0000B5   244 _T1	=	0x00b5
                           0000B6   245 _WR	=	0x00b6
                           0000B7   246 _RD	=	0x00b7
                           0000B8   247 _PX0	=	0x00b8
                           0000B9   248 _PT0	=	0x00b9
                           0000BA   249 _PX1	=	0x00ba
                           0000BB   250 _PT1	=	0x00bb
                           0000BC   251 _PS	=	0x00bc
                           0000D0   252 _P	=	0x00d0
                           0000D1   253 _F1	=	0x00d1
                           0000D2   254 _OV	=	0x00d2
                           0000D3   255 _RS0	=	0x00d3
                           0000D4   256 _RS1	=	0x00d4
                           0000D5   257 _F0	=	0x00d5
                           0000D6   258 _AC	=	0x00d6
                           0000D7   259 _CY	=	0x00d7
                           0000AD   260 _ET2	=	0x00ad
                           0000BD   261 _PT2	=	0x00bd
                           0000C8   262 _T2CON_0	=	0x00c8
                           0000C9   263 _T2CON_1	=	0x00c9
                           0000CA   264 _T2CON_2	=	0x00ca
                           0000CB   265 _T2CON_3	=	0x00cb
                           0000CC   266 _T2CON_4	=	0x00cc
                           0000CD   267 _T2CON_5	=	0x00cd
                           0000CE   268 _T2CON_6	=	0x00ce
                           0000CF   269 _T2CON_7	=	0x00cf
                           0000C8   270 _CP_RL2	=	0x00c8
                           0000C9   271 _C_T2	=	0x00c9
                           0000CA   272 _TR2	=	0x00ca
                           0000CB   273 _EXEN2	=	0x00cb
                           0000CC   274 _TCLK	=	0x00cc
                           0000CD   275 _RCLK	=	0x00cd
                           0000CE   276 _EXF2	=	0x00ce
                           0000CF   277 _TF2	=	0x00cf
                                    278 ;--------------------------------------------------------
                                    279 ; overlayable register banks
                                    280 ;--------------------------------------------------------
                                    281 	.area REG_BANK_0	(REL,OVR,DATA)
      000000                        282 	.ds 8
                                    283 ;--------------------------------------------------------
                                    284 ; overlayable bit register bank
                                    285 ;--------------------------------------------------------
                                    286 	.area BIT_BANK	(REL,OVR,DATA)
      000000                        287 bits:
      000000                        288 	.ds 1
                           008000   289 	b0 = bits[0]
                           008100   290 	b1 = bits[1]
                           008200   291 	b2 = bits[2]
                           008300   292 	b3 = bits[3]
                           008400   293 	b4 = bits[4]
                           008500   294 	b5 = bits[5]
                           008600   295 	b6 = bits[6]
                           008700   296 	b7 = bits[7]
                                    297 ;--------------------------------------------------------
                                    298 ; internal ram data
                                    299 ;--------------------------------------------------------
                                    300 	.area DSEG    (DATA)
      000000                        301 _state::
      000000                        302 	.ds 2
      000002                        303 _state_was::
      000002                        304 	.ds 2
      000004                        305 _timerCount::
      000004                        306 	.ds 2
      000006                        307 _time_delay::
      000006                        308 	.ds 2
      000008                        309 _button::
      000008                        310 	.ds 1
      000009                        311 _data_r::
      000009                        312 	.ds 1
      00000A                        313 _received::
      00000A                        314 	.ds 1
                                    315 ;--------------------------------------------------------
                                    316 ; overlayable items in internal ram 
                                    317 ;--------------------------------------------------------
                                    318 	.area	OSEG    (OVR,DATA)
                                    319 	.area	OSEG    (OVR,DATA)
                                    320 ;--------------------------------------------------------
                                    321 ; Stack segment in internal ram 
                                    322 ;--------------------------------------------------------
                                    323 	.area	SSEG
      000000                        324 __start__stack:
      000000                        325 	.ds	1
                                    326 
                                    327 ;--------------------------------------------------------
                                    328 ; indirectly addressable internal ram data
                                    329 ;--------------------------------------------------------
                                    330 	.area ISEG    (DATA)
                                    331 ;--------------------------------------------------------
                                    332 ; absolute internal ram data
                                    333 ;--------------------------------------------------------
                                    334 	.area IABS    (ABS,DATA)
                                    335 	.area IABS    (ABS,DATA)
                                    336 ;--------------------------------------------------------
                                    337 ; bit data
                                    338 ;--------------------------------------------------------
                                    339 	.area BSEG    (BIT)
      000000                        340 _a_g::
      000000                        341 	.ds 1
      000001                        342 _pushed::
      000001                        343 	.ds 1
                                    344 ;--------------------------------------------------------
                                    345 ; paged external ram data
                                    346 ;--------------------------------------------------------
                                    347 	.area PSEG    (PAG,XDATA)
                                    348 ;--------------------------------------------------------
                                    349 ; external ram data
                                    350 ;--------------------------------------------------------
                                    351 	.area XSEG    (XDATA)
                                    352 ;--------------------------------------------------------
                                    353 ; absolute external ram data
                                    354 ;--------------------------------------------------------
                                    355 	.area XABS    (ABS,XDATA)
                                    356 ;--------------------------------------------------------
                                    357 ; external initialized ram data
                                    358 ;--------------------------------------------------------
                                    359 	.area XISEG   (XDATA)
                                    360 	.area HOME    (CODE)
                                    361 	.area GSINIT0 (CODE)
                                    362 	.area GSINIT1 (CODE)
                                    363 	.area GSINIT2 (CODE)
                                    364 	.area GSINIT3 (CODE)
                                    365 	.area GSINIT4 (CODE)
                                    366 	.area GSINIT5 (CODE)
                                    367 	.area GSINIT  (CODE)
                                    368 	.area GSFINAL (CODE)
                                    369 	.area CSEG    (CODE)
                                    370 ;--------------------------------------------------------
                                    371 ; interrupt vector 
                                    372 ;--------------------------------------------------------
                                    373 	.area HOME    (CODE)
      000000                        374 __interrupt_vect:
      000000 02r00r00         [24]  375 	ljmp	__sdcc_gsinit_startup
      000003 32               [24]  376 	reti
      000004                        377 	.ds	7
      00000B 02r00r00         [24]  378 	ljmp	_isr_timer0
                                    379 ;--------------------------------------------------------
                                    380 ; global & static initialisations
                                    381 ;--------------------------------------------------------
                                    382 	.area HOME    (CODE)
                                    383 	.area GSINIT  (CODE)
                                    384 	.area GSFINAL (CODE)
                                    385 	.area GSINIT  (CODE)
                                    386 	.globl __sdcc_gsinit_startup
                                    387 	.globl __sdcc_program_startup
                                    388 	.globl __start__stack
                                    389 	.globl __mcs51_genXINIT
                                    390 	.globl __mcs51_genXRAMCLEAR
                                    391 	.globl __mcs51_genRAMCLEAR
                                    392 ;	transmitter.c:13: volatile int state = 0;
      000000 E4               [12]  393 	clr	a
      000001 F5*00            [12]  394 	mov	_state,a
      000003 F5*01            [12]  395 	mov	(_state + 1),a
                                    396 ;	transmitter.c:14: volatile int state_was = 0;
      000005 F5*02            [12]  397 	mov	_state_was,a
      000007 F5*03            [12]  398 	mov	(_state_was + 1),a
                                    399 ;	transmitter.c:15: volatile int timerCount = 0;
      000009 F5*04            [12]  400 	mov	_timerCount,a
      00000B F5*05            [12]  401 	mov	(_timerCount + 1),a
                                    402 ;	transmitter.c:16: volatile int time_delay = 15;
      00000D 75*06 0F         [24]  403 	mov	_time_delay,#0x0f
                                    404 ;	1-genFromRTrack replaced	mov	(_time_delay + 1),#0x00
      000010 F5*07            [12]  405 	mov	(_time_delay + 1),a
                                    406 ;	transmitter.c:19: volatile char button='l';
      000012 75*08 6C         [24]  407 	mov	_button,#0x6c
                                    408 ;	transmitter.c:21: char data_r=0;
                                    409 ;	1-genFromRTrack replaced	mov	_data_r,#0x00
      000015 F5*09            [12]  410 	mov	_data_r,a
                                    411 ;	transmitter.c:22: char received=1;
      000017 75*0A 01         [24]  412 	mov	_received,#0x01
                                    413 ;	transmitter.c:17: volatile __bit a_g=0;
                                    414 ;	assignBit
      00001A C2*00            [12]  415 	clr	_a_g
                                    416 ;	transmitter.c:18: volatile __bit pushed=0;
                                    417 ;	assignBit
      00001C C2*01            [12]  418 	clr	_pushed
                                    419 	.area GSFINAL (CODE)
      000000 02r00r0E         [24]  420 	ljmp	__sdcc_program_startup
                                    421 ;--------------------------------------------------------
                                    422 ; Home
                                    423 ;--------------------------------------------------------
                                    424 	.area HOME    (CODE)
                                    425 	.area HOME    (CODE)
      00000E                        426 __sdcc_program_startup:
      00000E 02r02rBC         [24]  427 	ljmp	_main
                                    428 ;	return from main will return to caller
                                    429 ;--------------------------------------------------------
                                    430 ; code
                                    431 ;--------------------------------------------------------
                                    432 	.area CSEG    (CODE)
                                    433 ;------------------------------------------------------------
                                    434 ;Allocation info for local variables in function 'isr_timer0'
                                    435 ;------------------------------------------------------------
                                    436 ;	transmitter.c:24: void isr_timer0(void) __interrupt 1   // It is called after every 5msec
                                    437 ;	-----------------------------------------
                                    438 ;	 function isr_timer0
                                    439 ;	-----------------------------------------
      000000                        440 _isr_timer0:
                           000007   441 	ar7 = 0x07
                           000006   442 	ar6 = 0x06
                           000005   443 	ar5 = 0x05
                           000004   444 	ar4 = 0x04
                           000003   445 	ar3 = 0x03
                           000002   446 	ar2 = 0x02
                           000001   447 	ar1 = 0x01
                           000000   448 	ar0 = 0x00
      000000 C0*00            [24]  449 	push	bits
      000002 C0 E0            [24]  450 	push	acc
      000004 C0 F0            [24]  451 	push	b
      000006 C0 82            [24]  452 	push	dpl
      000008 C0 83            [24]  453 	push	dph
      00000A C0 07            [24]  454 	push	(0+7)
      00000C C0 06            [24]  455 	push	(0+6)
      00000E C0 05            [24]  456 	push	(0+5)
      000010 C0 04            [24]  457 	push	(0+4)
      000012 C0 03            [24]  458 	push	(0+3)
      000014 C0 02            [24]  459 	push	(0+2)
      000016 C0 01            [24]  460 	push	(0+1)
      000018 C0 00            [24]  461 	push	(0+0)
      00001A C0 D0            [24]  462 	push	psw
      00001C 75 D0 00         [24]  463 	mov	psw,#0x00
                                    464 ;	transmitter.c:26: TH0  = 0Xee;         // ReLoad the timer value for 5ms
      00001F 75 8C EE         [24]  465 	mov	_TH0,#0xee
                                    466 ;	transmitter.c:27: TL0  = 0X00;
      000022 75 8A 00         [24]  467 	mov	_TL0,#0x00
                                    468 ;	transmitter.c:28: timerCount++;
      000025 AE*04            [24]  469 	mov	r6,_timerCount
      000027 AF*05            [24]  470 	mov	r7,(_timerCount + 1)
      000029 74 01            [12]  471 	mov	a,#0x01
      00002B 2E               [12]  472 	add	a,r6
      00002C F5*04            [12]  473 	mov	_timerCount,a
      00002E E4               [12]  474 	clr	a
      00002F 3F               [12]  475 	addc	a,r7
      000030 F5*05            [12]  476 	mov	(_timerCount + 1),a
                                    477 ;	transmitter.c:30: if(!pushed)
      000032 30*01 03         [24]  478 	jnb	_pushed,00228$
      000035 02r01r58         [24]  479 	ljmp	00118$
      000038                        480 00228$:
                                    481 ;	transmitter.c:32: switch(P1)
      000038 AF 90            [24]  482 	mov	r7,_P1
      00003A BF 1F 03         [24]  483 	cjne	r7,#0x1f,00229$
      00003D 02r01r23         [24]  484 	ljmp	00113$
      000040                        485 00229$:
      000040 BF 2F 03         [24]  486 	cjne	r7,#0x2f,00230$
      000043 02r01r08         [24]  487 	ljmp	00112$
      000046                        488 00230$:
      000046 BF 33 03         [24]  489 	cjne	r7,#0x33,00231$
      000049 02r01r3B         [24]  490 	ljmp	00114$
      00004C                        491 00231$:
      00004C BF 37 03         [24]  492 	cjne	r7,#0x37,00232$
      00004F 02r00rD6         [24]  493 	ljmp	00108$
      000052                        494 00232$:
      000052 BF 3B 02         [24]  495 	cjne	r7,#0x3b,00233$
      000055 80 4C            [24]  496 	sjmp	00104$
      000057                        497 00233$:
      000057 BF 3D 02         [24]  498 	cjne	r7,#0x3d,00234$
      00005A 80 2B            [24]  499 	sjmp	00103$
      00005C                        500 00234$:
      00005C BF 3E 02         [24]  501 	cjne	r7,#0x3e,00235$
      00005F 80 0D            [24]  502 	sjmp	00102$
      000061                        503 00235$:
      000061 BF 3F 02         [24]  504 	cjne	r7,#0x3f,00236$
      000064 80 03            [24]  505 	sjmp	00237$
      000066                        506 00236$:
      000066 02r01r56         [24]  507 	ljmp	00115$
      000069                        508 00237$:
                                    509 ;	transmitter.c:35: pushed = 0;
                                    510 ;	assignBit
      000069 C2*01            [12]  511 	clr	_pushed
                                    512 ;	transmitter.c:36: break;
      00006B 02r01r58         [24]  513 	ljmp	00118$
                                    514 ;	transmitter.c:38: case 0x3e:
      00006E                        515 00102$:
                                    516 ;	transmitter.c:39: pushed = 1;
                                    517 ;	assignBit
      00006E D2*01            [12]  518 	setb	_pushed
                                    519 ;	transmitter.c:40: Transmit_data('a');
      000070 75 82 61         [24]  520 	mov	dpl,#0x61
      000073 12r03r84         [24]  521 	lcall	_Transmit_data
                                    522 ;	transmitter.c:41: P2 =0x80;
      000076 75 A0 80         [24]  523 	mov	_P2,#0x80
                                    524 ;	transmitter.c:42: state = 1;
      000079 75*00 01         [24]  525 	mov	_state,#0x01
      00007C 75*01 00         [24]  526 	mov	(_state + 1),#0x00
                                    527 ;	transmitter.c:43: button = 'a';
      00007F 75*08 61         [24]  528 	mov	_button,#0x61
                                    529 ;	transmitter.c:44: a_g=1;
                                    530 ;	assignBit
      000082 D2*00            [12]  531 	setb	_a_g
                                    532 ;	transmitter.c:45: break;
      000084 02r01r58         [24]  533 	ljmp	00118$
                                    534 ;	transmitter.c:47: case 0x3d:
      000087                        535 00103$:
                                    536 ;	transmitter.c:48: pushed = 1;
                                    537 ;	assignBit
      000087 D2*01            [12]  538 	setb	_pushed
                                    539 ;	transmitter.c:49: Transmit_data('b');
      000089 75 82 62         [24]  540 	mov	dpl,#0x62
      00008C 12r03r84         [24]  541 	lcall	_Transmit_data
                                    542 ;	transmitter.c:50: time_delay=3;
      00008F 75*06 03         [24]  543 	mov	_time_delay,#0x03
      000092 75*07 00         [24]  544 	mov	(_time_delay + 1),#0x00
                                    545 ;	transmitter.c:51: state = 2;
      000095 75*00 02         [24]  546 	mov	_state,#0x02
      000098 75*01 00         [24]  547 	mov	(_state + 1),#0x00
                                    548 ;	transmitter.c:52: button = 'b';
      00009B 75*08 62         [24]  549 	mov	_button,#0x62
                                    550 ;	transmitter.c:53: a_g=0;
                                    551 ;	assignBit
      00009E C2*00            [12]  552 	clr	_a_g
                                    553 ;	transmitter.c:54: break;
      0000A0 02r01r58         [24]  554 	ljmp	00118$
                                    555 ;	transmitter.c:56: case 0x3b:
      0000A3                        556 00104$:
                                    557 ;	transmitter.c:57: if(received)
      0000A3 E5*0A            [12]  558 	mov	a,_received
      0000A5 60 13            [24]  559 	jz	00106$
                                    560 ;	transmitter.c:58: {		pushed = 1;
                                    561 ;	assignBit
      0000A7 D2*01            [12]  562 	setb	_pushed
                                    563 ;	transmitter.c:59: Transmit_data('d');
      0000A9 75 82 64         [24]  564 	mov	dpl,#0x64
      0000AC 12r03r84         [24]  565 	lcall	_Transmit_data
                                    566 ;	transmitter.c:60: state = 7;
      0000AF 75*00 07         [24]  567 	mov	_state,#0x07
      0000B2 75*01 00         [24]  568 	mov	(_state + 1),#0x00
                                    569 ;	transmitter.c:61: button = 'd';
      0000B5 75*08 64         [24]  570 	mov	_button,#0x64
      0000B8 80 11            [24]  571 	sjmp	00107$
      0000BA                        572 00106$:
                                    573 ;	transmitter.c:64: {		pushed = 1;
                                    574 ;	assignBit
      0000BA D2*01            [12]  575 	setb	_pushed
                                    576 ;	transmitter.c:65: Transmit_data('c');
      0000BC 75 82 63         [24]  577 	mov	dpl,#0x63
      0000BF 12r03r84         [24]  578 	lcall	_Transmit_data
                                    579 ;	transmitter.c:66: state = 3;
      0000C2 75*00 03         [24]  580 	mov	_state,#0x03
      0000C5 75*01 00         [24]  581 	mov	(_state + 1),#0x00
                                    582 ;	transmitter.c:67: button = 'c';
      0000C8 75*08 63         [24]  583 	mov	_button,#0x63
      0000CB                        584 00107$:
                                    585 ;	transmitter.c:69: time_delay=3;
      0000CB 75*06 03         [24]  586 	mov	_time_delay,#0x03
      0000CE 75*07 00         [24]  587 	mov	(_time_delay + 1),#0x00
                                    588 ;	transmitter.c:70: a_g=0;
                                    589 ;	assignBit
      0000D1 C2*00            [12]  590 	clr	_a_g
                                    591 ;	transmitter.c:71: break;
      0000D3 02r01r58         [24]  592 	ljmp	00118$
                                    593 ;	transmitter.c:73: case 0x37:
      0000D6                        594 00108$:
                                    595 ;	transmitter.c:74: if(received)
      0000D6 E5*0A            [12]  596 	mov	a,_received
      0000D8 60 13            [24]  597 	jz	00110$
                                    598 ;	transmitter.c:75: {		pushed = 1;
                                    599 ;	assignBit
      0000DA D2*01            [12]  600 	setb	_pushed
                                    601 ;	transmitter.c:76: Transmit_data('d');
      0000DC 75 82 64         [24]  602 	mov	dpl,#0x64
      0000DF 12r03r84         [24]  603 	lcall	_Transmit_data
                                    604 ;	transmitter.c:77: state = 7;
      0000E2 75*00 07         [24]  605 	mov	_state,#0x07
      0000E5 75*01 00         [24]  606 	mov	(_state + 1),#0x00
                                    607 ;	transmitter.c:78: button = 'd';
      0000E8 75*08 64         [24]  608 	mov	_button,#0x64
      0000EB 80 11            [24]  609 	sjmp	00111$
      0000ED                        610 00110$:
                                    611 ;	transmitter.c:82: pushed = 1;
                                    612 ;	assignBit
      0000ED D2*01            [12]  613 	setb	_pushed
                                    614 ;	transmitter.c:83: Transmit_data('e');
      0000EF 75 82 65         [24]  615 	mov	dpl,#0x65
      0000F2 12r03r84         [24]  616 	lcall	_Transmit_data
                                    617 ;	transmitter.c:84: state = 4;
      0000F5 75*00 04         [24]  618 	mov	_state,#0x04
      0000F8 75*01 00         [24]  619 	mov	(_state + 1),#0x00
                                    620 ;	transmitter.c:85: button = 'e';
      0000FB 75*08 65         [24]  621 	mov	_button,#0x65
      0000FE                        622 00111$:
                                    623 ;	transmitter.c:87: time_delay=3;
      0000FE 75*06 03         [24]  624 	mov	_time_delay,#0x03
      000101 75*07 00         [24]  625 	mov	(_time_delay + 1),#0x00
                                    626 ;	transmitter.c:88: a_g=0;
                                    627 ;	assignBit
      000104 C2*00            [12]  628 	clr	_a_g
                                    629 ;	transmitter.c:89: break;
                                    630 ;	transmitter.c:91: case 0x2f:
      000106 80 50            [24]  631 	sjmp	00118$
      000108                        632 00112$:
                                    633 ;	transmitter.c:92: pushed = 1;
                                    634 ;	assignBit
      000108 D2*01            [12]  635 	setb	_pushed
                                    636 ;	transmitter.c:93: Transmit_data('f');
      00010A 75 82 66         [24]  637 	mov	dpl,#0x66
      00010D 12r03r84         [24]  638 	lcall	_Transmit_data
                                    639 ;	transmitter.c:94: state = 5;
      000110 75*00 05         [24]  640 	mov	_state,#0x05
      000113 75*01 00         [24]  641 	mov	(_state + 1),#0x00
                                    642 ;	transmitter.c:95: button = 'f';
      000116 75*08 66         [24]  643 	mov	_button,#0x66
                                    644 ;	transmitter.c:96: time_delay=3;
      000119 75*06 03         [24]  645 	mov	_time_delay,#0x03
      00011C 75*07 00         [24]  646 	mov	(_time_delay + 1),#0x00
                                    647 ;	transmitter.c:97: a_g=0;
                                    648 ;	assignBit
      00011F C2*00            [12]  649 	clr	_a_g
                                    650 ;	transmitter.c:98: break;
                                    651 ;	transmitter.c:100: case 0x1f:
      000121 80 35            [24]  652 	sjmp	00118$
      000123                        653 00113$:
                                    654 ;	transmitter.c:101: pushed = 1;
                                    655 ;	assignBit
      000123 D2*01            [12]  656 	setb	_pushed
                                    657 ;	transmitter.c:102: Transmit_data('g');
      000125 75 82 67         [24]  658 	mov	dpl,#0x67
      000128 12r03r84         [24]  659 	lcall	_Transmit_data
                                    660 ;	transmitter.c:103: P2 =0x20;
      00012B 75 A0 20         [24]  661 	mov	_P2,#0x20
                                    662 ;	transmitter.c:104: state = 6;
      00012E 75*00 06         [24]  663 	mov	_state,#0x06
      000131 75*01 00         [24]  664 	mov	(_state + 1),#0x00
                                    665 ;	transmitter.c:105: button = 'g';
      000134 75*08 67         [24]  666 	mov	_button,#0x67
                                    667 ;	transmitter.c:106: a_g=1;
                                    668 ;	assignBit
      000137 D2*00            [12]  669 	setb	_a_g
                                    670 ;	transmitter.c:107: break;
                                    671 ;	transmitter.c:109: case 0x33:
      000139 80 1D            [24]  672 	sjmp	00118$
      00013B                        673 00114$:
                                    674 ;	transmitter.c:110: pushed = 1;
                                    675 ;	assignBit
      00013B D2*01            [12]  676 	setb	_pushed
                                    677 ;	transmitter.c:111: Transmit_data('d');
      00013D 75 82 64         [24]  678 	mov	dpl,#0x64
      000140 12r03r84         [24]  679 	lcall	_Transmit_data
                                    680 ;	transmitter.c:112: state = 7;
      000143 75*00 07         [24]  681 	mov	_state,#0x07
      000146 75*01 00         [24]  682 	mov	(_state + 1),#0x00
                                    683 ;	transmitter.c:113: button = 'd';
      000149 75*08 64         [24]  684 	mov	_button,#0x64
                                    685 ;	transmitter.c:114: time_delay=3;
      00014C 75*06 03         [24]  686 	mov	_time_delay,#0x03
      00014F 75*07 00         [24]  687 	mov	(_time_delay + 1),#0x00
                                    688 ;	transmitter.c:115: a_g=0;
                                    689 ;	assignBit
      000152 C2*00            [12]  690 	clr	_a_g
                                    691 ;	transmitter.c:116: break;
                                    692 ;	transmitter.c:118: default:pushed = 0;
      000154 80 02            [24]  693 	sjmp	00118$
      000156                        694 00115$:
                                    695 ;	assignBit
      000156 C2*01            [12]  696 	clr	_pushed
                                    697 ;	transmitter.c:120: }
      000158                        698 00118$:
                                    699 ;	transmitter.c:125: if(timerCount == 40)
      000158 74 28            [12]  700 	mov	a,#0x28
      00015A B5*04 06         [24]  701 	cjne	a,_timerCount,00240$
      00015D E4               [12]  702 	clr	a
      00015E B5*05 02         [24]  703 	cjne	a,(_timerCount + 1),00240$
      000161 80 02            [24]  704 	sjmp	00241$
      000163                        705 00240$:
      000163 80 08            [24]  706 	sjmp	00120$
      000165                        707 00241$:
                                    708 ;	transmitter.c:127: pushed=0;
                                    709 ;	assignBit
      000165 C2*01            [12]  710 	clr	_pushed
                                    711 ;	transmitter.c:128: Transmit_data(button);
      000167 85*08 82         [24]  712 	mov	dpl,_button
      00016A 12r03r84         [24]  713 	lcall	_Transmit_data
      00016D                        714 00120$:
                                    715 ;	transmitter.c:132: if(timerCount < (time_delay*10)) // count for LED-ON delay
      00016D 85*06*00         [24]  716 	mov	__mulint_PARM_2,_time_delay
      000170 85*07*01         [24]  717 	mov	(__mulint_PARM_2 + 1),(_time_delay + 1)
      000173 90 00 0A         [24]  718 	mov	dptr,#0x000a
      000176 12r00r00         [24]  719 	lcall	__mulint
      000179 AE 82            [24]  720 	mov	r6,dpl
      00017B AF 83            [24]  721 	mov	r7,dph
      00017D C3               [12]  722 	clr	c
      00017E E5*04            [12]  723 	mov	a,_timerCount
      000180 9E               [12]  724 	subb	a,r6
      000181 E5*05            [12]  725 	mov	a,(_timerCount + 1)
      000183 64 80            [12]  726 	xrl	a,#0x80
      000185 8F F0            [24]  727 	mov	b,r7
      000187 63 F0 80         [24]  728 	xrl	b,#0x80
      00018A 95 F0            [12]  729 	subb	a,b
      00018C 40 03            [24]  730 	jc	00242$
      00018E 02r02r09         [24]  731 	ljmp	00148$
      000191                        732 00242$:
                                    733 ;	transmitter.c:134: switch(state)
      000191 AE*00            [24]  734 	mov	r6,_state
      000193 E5*01            [12]  735 	mov	a,(_state + 1)
      000195 FF               [12]  736 	mov	r7,a
      000196 30 E7 03         [24]  737 	jnb	acc.7,00243$
      000199 02r02r99         [24]  738 	ljmp	00149$
      00019C                        739 00243$:
      00019C C3               [12]  740 	clr	c
      00019D 74 09            [12]  741 	mov	a,#0x09
      00019F 9E               [12]  742 	subb	a,r6
      0001A0 74 80            [12]  743 	mov	a,#(0x00 ^ 0x80)
      0001A2 8F F0            [24]  744 	mov	b,r7
      0001A4 63 F0 80         [24]  745 	xrl	b,#0x80
      0001A7 95 F0            [12]  746 	subb	a,b
      0001A9 50 03            [24]  747 	jnc	00244$
      0001AB 02r02r99         [24]  748 	ljmp	00149$
      0001AE                        749 00244$:
      0001AE EE               [12]  750 	mov	a,r6
      0001AF F5 F0            [12]  751 	mov	b,a
      0001B1 24 0B            [12]  752 	add	a,#(00245$-3-.)
      0001B3 83               [24]  753 	movc	a,@a+pc
      0001B4 F5 82            [12]  754 	mov	dpl,a
      0001B6 E5 F0            [12]  755 	mov	a,b
      0001B8 24 0E            [12]  756 	add	a,#(00246$-3-.)
      0001BA 83               [24]  757 	movc	a,@a+pc
      0001BB F5 83            [12]  758 	mov	dph,a
      0001BD E4               [12]  759 	clr	a
      0001BE 73               [24]  760 	jmp	@a+dptr
      0001BF                        761 00245$:
      0001BFr99                     762 	.db	00149$
      0001C0rD3                     763 	.db	00121$
      0001C1rD9                     764 	.db	00122$
      0001C2rDF                     765 	.db	00123$
      0001C3rE5                     766 	.db	00124$
      0001C4rEB                     767 	.db	00125$
      0001C5rF1                     768 	.db	00126$
      0001C6rF7                     769 	.db	00127$
      0001C7rFD                     770 	.db	00128$
      0001C8r03                     771 	.db	00129$
      0001C9                        772 00246$:
      0001C9s02                     773 	.db	00149$>>8
      0001CAs01                     774 	.db	00121$>>8
      0001CBs01                     775 	.db	00122$>>8
      0001CCs01                     776 	.db	00123$>>8
      0001CDs01                     777 	.db	00124$>>8
      0001CEs01                     778 	.db	00125$>>8
      0001CFs01                     779 	.db	00126$>>8
      0001D0s01                     780 	.db	00127$>>8
      0001D1s01                     781 	.db	00128$>>8
      0001D2s02                     782 	.db	00129$>>8
                                    783 ;	transmitter.c:137: case 1:	P2 =0x80;break;
      0001D3                        784 00121$:
      0001D3 75 A0 80         [24]  785 	mov	_P2,#0x80
      0001D6 02r02r99         [24]  786 	ljmp	00149$
                                    787 ;	transmitter.c:138: case 2:	P2 =0x80;break;
      0001D9                        788 00122$:
      0001D9 75 A0 80         [24]  789 	mov	_P2,#0x80
      0001DC 02r02r99         [24]  790 	ljmp	00149$
                                    791 ;	transmitter.c:139: case 3:	P2 =0xc0;break;
      0001DF                        792 00123$:
      0001DF 75 A0 C0         [24]  793 	mov	_P2,#0xc0
      0001E2 02r02r99         [24]  794 	ljmp	00149$
                                    795 ;	transmitter.c:140: case 4:	P2 =0x60;break;
      0001E5                        796 00124$:
      0001E5 75 A0 60         [24]  797 	mov	_P2,#0x60
      0001E8 02r02r99         [24]  798 	ljmp	00149$
                                    799 ;	transmitter.c:141: case 5:	P2 =0x20;break;
      0001EB                        800 00125$:
      0001EB 75 A0 20         [24]  801 	mov	_P2,#0x20
      0001EE 02r02r99         [24]  802 	ljmp	00149$
                                    803 ;	transmitter.c:142: case 6:	P2 =0x20;break;
      0001F1                        804 00126$:
      0001F1 75 A0 20         [24]  805 	mov	_P2,#0x20
      0001F4 02r02r99         [24]  806 	ljmp	00149$
                                    807 ;	transmitter.c:143: case 7:	P2 =0x40;break;
      0001F7                        808 00127$:
      0001F7 75 A0 40         [24]  809 	mov	_P2,#0x40
      0001FA 02r02r99         [24]  810 	ljmp	00149$
                                    811 ;	transmitter.c:144: case 8:	P2 =0x80;break;
      0001FD                        812 00128$:
      0001FD 75 A0 80         [24]  813 	mov	_P2,#0x80
      000200 02r02r99         [24]  814 	ljmp	00149$
                                    815 ;	transmitter.c:145: case 9:	P2 =0x20;break;
      000203                        816 00129$:
      000203 75 A0 20         [24]  817 	mov	_P2,#0x20
      000206 02r02r99         [24]  818 	ljmp	00149$
                                    819 ;	transmitter.c:146: default:break;}	
      000209                        820 00148$:
                                    821 ;	transmitter.c:150: else if((timerCount > time_delay) &&(timerCount<time_delay*20)) // count for LED-ON delay
      000209 C3               [12]  822 	clr	c
      00020A E5*06            [12]  823 	mov	a,_time_delay
      00020C 95*04            [12]  824 	subb	a,_timerCount
      00020E E5*07            [12]  825 	mov	a,(_time_delay + 1)
      000210 64 80            [12]  826 	xrl	a,#0x80
      000212 85*05 F0         [24]  827 	mov	b,(_timerCount + 1)
      000215 63 F0 80         [24]  828 	xrl	b,#0x80
      000218 95 F0            [12]  829 	subb	a,b
      00021A 40 03            [24]  830 	jc	00247$
      00021C 02r02r94         [24]  831 	ljmp	00144$
      00021F                        832 00247$:
      00021F 85*06*00         [24]  833 	mov	__mulint_PARM_2,_time_delay
      000222 85*07*01         [24]  834 	mov	(__mulint_PARM_2 + 1),(_time_delay + 1)
      000225 90 00 14         [24]  835 	mov	dptr,#0x0014
      000228 12r00r00         [24]  836 	lcall	__mulint
      00022B AE 82            [24]  837 	mov	r6,dpl
      00022D AF 83            [24]  838 	mov	r7,dph
      00022F C3               [12]  839 	clr	c
      000230 E5*04            [12]  840 	mov	a,_timerCount
      000232 9E               [12]  841 	subb	a,r6
      000233 E5*05            [12]  842 	mov	a,(_timerCount + 1)
      000235 64 80            [12]  843 	xrl	a,#0x80
      000237 8F F0            [24]  844 	mov	b,r7
      000239 63 F0 80         [24]  845 	xrl	b,#0x80
      00023C 95 F0            [12]  846 	subb	a,b
      00023E 40 03            [24]  847 	jc	00248$
      000240 02r02r94         [24]  848 	ljmp	00144$
      000243                        849 00248$:
                                    850 ;	transmitter.c:152: switch(state)
      000243 AE*00            [24]  851 	mov	r6,_state
      000245 E5*01            [12]  852 	mov	a,(_state + 1)
      000247 FF               [12]  853 	mov	r7,a
      000248 30 E7 03         [24]  854 	jnb	acc.7,00249$
      00024B 02r02r99         [24]  855 	ljmp	00149$
      00024E                        856 00249$:
      00024E C3               [12]  857 	clr	c
      00024F 74 09            [12]  858 	mov	a,#0x09
      000251 9E               [12]  859 	subb	a,r6
      000252 74 80            [12]  860 	mov	a,#(0x00 ^ 0x80)
      000254 8F F0            [24]  861 	mov	b,r7
      000256 63 F0 80         [24]  862 	xrl	b,#0x80
      000259 95 F0            [12]  863 	subb	a,b
      00025B 50 03            [24]  864 	jnc	00250$
      00025D 02r02r99         [24]  865 	ljmp	00149$
      000260                        866 00250$:
      000260 EE               [12]  867 	mov	a,r6
      000261 F5 F0            [12]  868 	mov	b,a
      000263 24 0B            [12]  869 	add	a,#(00251$-3-.)
      000265 83               [24]  870 	movc	a,@a+pc
      000266 F5 82            [12]  871 	mov	dpl,a
      000268 E5 F0            [12]  872 	mov	a,b
      00026A 24 0E            [12]  873 	add	a,#(00252$-3-.)
      00026C 83               [24]  874 	movc	a,@a+pc
      00026D F5 83            [12]  875 	mov	dph,a
      00026F E4               [12]  876 	clr	a
      000270 73               [24]  877 	jmp	@a+dptr
      000271                        878 00251$:
      000271r99                     879 	.db	00149$
      000272r8A                     880 	.db	00139$
      000273r85                     881 	.db	00138$
      000274r85                     882 	.db	00138$
      000275r85                     883 	.db	00138$
      000276r85                     884 	.db	00138$
      000277r8F                     885 	.db	00140$
      000278r85                     886 	.db	00138$
      000279r85                     887 	.db	00138$
      00027Ar85                     888 	.db	00138$
      00027B                        889 00252$:
      00027Bs02                     890 	.db	00149$>>8
      00027Cs02                     891 	.db	00139$>>8
      00027Ds02                     892 	.db	00138$>>8
      00027Es02                     893 	.db	00138$>>8
      00027Fs02                     894 	.db	00138$>>8
      000280s02                     895 	.db	00138$>>8
      000281s02                     896 	.db	00140$>>8
      000282s02                     897 	.db	00138$>>8
      000283s02                     898 	.db	00138$>>8
      000284s02                     899 	.db	00138$>>8
                                    900 ;	transmitter.c:161: case 9:P2 =0x00;break;
      000285                        901 00138$:
      000285 75 A0 00         [24]  902 	mov	_P2,#0x00
                                    903 ;	transmitter.c:162: case 1:P2 =0x80;break;
      000288 80 0F            [24]  904 	sjmp	00149$
      00028A                        905 00139$:
      00028A 75 A0 80         [24]  906 	mov	_P2,#0x80
                                    907 ;	transmitter.c:163: case 6:P2 =0x20;break;
      00028D 80 0A            [24]  908 	sjmp	00149$
      00028F                        909 00140$:
      00028F 75 A0 20         [24]  910 	mov	_P2,#0x20
                                    911 ;	transmitter.c:164: default:break;}
      000292 80 05            [24]  912 	sjmp	00149$
      000294                        913 00144$:
                                    914 ;	transmitter.c:168: timerCount = 0;
      000294 E4               [12]  915 	clr	a
      000295 F5*04            [12]  916 	mov	_timerCount,a
      000297 F5*05            [12]  917 	mov	(_timerCount + 1),a
      000299                        918 00149$:
                                    919 ;	transmitter.c:169: state_was=state;
      000299 85*00*02         [24]  920 	mov	_state_was,_state
      00029C 85*01*03         [24]  921 	mov	(_state_was + 1),(_state + 1)
                                    922 ;	transmitter.c:170: }
      00029F D0 D0            [24]  923 	pop	psw
      0002A1 D0 00            [24]  924 	pop	(0+0)
      0002A3 D0 01            [24]  925 	pop	(0+1)
      0002A5 D0 02            [24]  926 	pop	(0+2)
      0002A7 D0 03            [24]  927 	pop	(0+3)
      0002A9 D0 04            [24]  928 	pop	(0+4)
      0002AB D0 05            [24]  929 	pop	(0+5)
      0002AD D0 06            [24]  930 	pop	(0+6)
      0002AF D0 07            [24]  931 	pop	(0+7)
      0002B1 D0 83            [24]  932 	pop	dph
      0002B3 D0 82            [24]  933 	pop	dpl
      0002B5 D0 F0            [24]  934 	pop	b
      0002B7 D0 E0            [24]  935 	pop	acc
      0002B9 D0*00            [24]  936 	pop	bits
      0002BB 32               [24]  937 	reti
                                    938 ;------------------------------------------------------------
                                    939 ;Allocation info for local variables in function 'main'
                                    940 ;------------------------------------------------------------
                                    941 ;	transmitter.c:172: void main(void)
                                    942 ;	-----------------------------------------
                                    943 ;	 function main
                                    944 ;	-----------------------------------------
      0002BC                        945 _main:
                                    946 ;	transmitter.c:174: startup();
      0002BC 12r03r0F         [24]  947 	lcall	_startup
                                    948 ;	transmitter.c:176: UART_Init();
      0002BF 12r03r52         [24]  949 	lcall	_UART_Init
                                    950 ;	transmitter.c:177: handshake();
      0002C2 12r03r5E         [24]  951 	lcall	_handshake
                                    952 ;	transmitter.c:179: InitTimer1();
      0002C5 12r03rC1         [24]  953 	lcall	_InitTimer1
                                    954 ;	transmitter.c:181: EA  = 1;         // Global interrupt enable
                                    955 ;	assignBit
      0002C8 D2 AF            [12]  956 	setb	_EA
                                    957 ;	transmitter.c:183: while(1)
      0002CA                        958 00109$:
                                    959 ;	transmitter.c:185: if(!pushed)
      0002CA 20*01 0E         [24]  960 	jb	_pushed,00106$
                                    961 ;	transmitter.c:187: check_x();
      0002CD 12r03r8D         [24]  962 	lcall	_check_x
                                    963 ;	transmitter.c:188: delay();
      0002D0 12r02rE6         [24]  964 	lcall	_delay
                                    965 ;	transmitter.c:189: if(!pushed)
      0002D3 20*01 F4         [24]  966 	jb	_pushed,00109$
                                    967 ;	transmitter.c:191: default_and_a_g();
      0002D6 12r03rCF         [24]  968 	lcall	_default_and_a_g
      0002D9 80 EF            [24]  969 	sjmp	00109$
      0002DB                        970 00106$:
                                    971 ;	transmitter.c:194: else if(pushed)
      0002DB 30*01 EC         [24]  972 	jnb	_pushed,00109$
                                    973 ;	transmitter.c:196: delay();
      0002DE 12r02rE6         [24]  974 	lcall	_delay
                                    975 ;	transmitter.c:197: check_x();
      0002E1 12r03r8D         [24]  976 	lcall	_check_x
                                    977 ;	transmitter.c:201: }
      0002E4 80 E4            [24]  978 	sjmp	00109$
                                    979 ;------------------------------------------------------------
                                    980 ;Allocation info for local variables in function 'delay'
                                    981 ;------------------------------------------------------------
                                    982 ;i                         Allocated to registers r6 r7 
                                    983 ;j                         Allocated to registers r4 r5 
                                    984 ;------------------------------------------------------------
                                    985 ;	transmitter.c:204: void delay(void)
                                    986 ;	-----------------------------------------
                                    987 ;	 function delay
                                    988 ;	-----------------------------------------
      0002E6                        989 _delay:
                                    990 ;	transmitter.c:207: for(i=0;i<0x33;i++)
      0002E6 7E 00            [12]  991 	mov	r6,#0x00
      0002E8 7F 00            [12]  992 	mov	r7,#0x00
      0002EA                        993 00106$:
                                    994 ;	transmitter.c:208: for(j=0;j<0xff;j++);
      0002EA 7C FF            [12]  995 	mov	r4,#0xff
      0002EC 7D 00            [12]  996 	mov	r5,#0x00
      0002EE                        997 00105$:
      0002EE EC               [12]  998 	mov	a,r4
      0002EF 24 FF            [12]  999 	add	a,#0xff
      0002F1 FA               [12] 1000 	mov	r2,a
      0002F2 ED               [12] 1001 	mov	a,r5
      0002F3 34 FF            [12] 1002 	addc	a,#0xff
      0002F5 FB               [12] 1003 	mov	r3,a
      0002F6 8A 04            [24] 1004 	mov	ar4,r2
      0002F8 8B 05            [24] 1005 	mov	ar5,r3
      0002FA EA               [12] 1006 	mov	a,r2
      0002FB 4B               [12] 1007 	orl	a,r3
      0002FC 70 F0            [24] 1008 	jnz	00105$
                                   1009 ;	transmitter.c:207: for(i=0;i<0x33;i++)
      0002FE 0E               [12] 1010 	inc	r6
      0002FF BE 00 01         [24] 1011 	cjne	r6,#0x00,00124$
      000302 0F               [12] 1012 	inc	r7
      000303                       1013 00124$:
      000303 C3               [12] 1014 	clr	c
      000304 EE               [12] 1015 	mov	a,r6
      000305 94 33            [12] 1016 	subb	a,#0x33
      000307 EF               [12] 1017 	mov	a,r7
      000308 64 80            [12] 1018 	xrl	a,#0x80
      00030A 94 80            [12] 1019 	subb	a,#0x80
      00030C 40 DC            [24] 1020 	jc	00106$
                                   1021 ;	transmitter.c:209: }
      00030E 22               [24] 1022 	ret
                                   1023 ;------------------------------------------------------------
                                   1024 ;Allocation info for local variables in function 'startup'
                                   1025 ;------------------------------------------------------------
                                   1026 ;	transmitter.c:213: void startup(void)
                                   1027 ;	-----------------------------------------
                                   1028 ;	 function startup
                                   1029 ;	-----------------------------------------
      00030F                       1030 _startup:
                                   1031 ;	transmitter.c:215: P1 = 0xff;
      00030F 75 90 FF         [24] 1032 	mov	_P1,#0xff
                                   1033 ;	transmitter.c:216: P2 = 0x00;
      000312 75 A0 00         [24] 1034 	mov	_P2,#0x00
                                   1035 ;	transmitter.c:217: delay();delay();
      000315 12r02rE6         [24] 1036 	lcall	_delay
      000318 12r02rE6         [24] 1037 	lcall	_delay
                                   1038 ;	transmitter.c:218: P2 = 0xE0;
      00031B 75 A0 E0         [24] 1039 	mov	_P2,#0xe0
                                   1040 ;	transmitter.c:219: delay();
      00031E 12r02rE6         [24] 1041 	lcall	_delay
                                   1042 ;	transmitter.c:220: P2 = 0x80;
      000321 75 A0 80         [24] 1043 	mov	_P2,#0x80
                                   1044 ;	transmitter.c:221: delay();delay();delay();delay();
      000324 12r02rE6         [24] 1045 	lcall	_delay
      000327 12r02rE6         [24] 1046 	lcall	_delay
      00032A 12r02rE6         [24] 1047 	lcall	_delay
      00032D 12r02rE6         [24] 1048 	lcall	_delay
                                   1049 ;	transmitter.c:222: P2 = 0x40;
      000330 75 A0 40         [24] 1050 	mov	_P2,#0x40
                                   1051 ;	transmitter.c:223: delay();delay();delay();delay();
      000333 12r02rE6         [24] 1052 	lcall	_delay
      000336 12r02rE6         [24] 1053 	lcall	_delay
      000339 12r02rE6         [24] 1054 	lcall	_delay
      00033C 12r02rE6         [24] 1055 	lcall	_delay
                                   1056 ;	transmitter.c:224: P2 = 0x20;
      00033F 75 A0 20         [24] 1057 	mov	_P2,#0x20
                                   1058 ;	transmitter.c:225: delay();delay();delay();delay();
      000342 12r02rE6         [24] 1059 	lcall	_delay
      000345 12r02rE6         [24] 1060 	lcall	_delay
      000348 12r02rE6         [24] 1061 	lcall	_delay
      00034B 12r02rE6         [24] 1062 	lcall	_delay
                                   1063 ;	transmitter.c:226: P2 = 0x00;
      00034E 75 A0 00         [24] 1064 	mov	_P2,#0x00
                                   1065 ;	transmitter.c:227: }
      000351 22               [24] 1066 	ret
                                   1067 ;------------------------------------------------------------
                                   1068 ;Allocation info for local variables in function 'UART_Init'
                                   1069 ;------------------------------------------------------------
                                   1070 ;	transmitter.c:230: void UART_Init()
                                   1071 ;	-----------------------------------------
                                   1072 ;	 function UART_Init
                                   1073 ;	-----------------------------------------
      000352                       1074 _UART_Init:
                                   1075 ;	transmitter.c:232: TMOD = 0x20;		/* Timer 1, 8-bit auto reload mode */
      000352 75 89 20         [24] 1076 	mov	_TMOD,#0x20
                                   1077 ;	transmitter.c:233: TH1 = 0xFD;		/* Load value for 9600 baud rate */
      000355 75 8D FD         [24] 1078 	mov	_TH1,#0xfd
                                   1079 ;	transmitter.c:234: SCON = 0x50;		/* Mode 1, reception enable */
      000358 75 98 50         [24] 1080 	mov	_SCON,#0x50
                                   1081 ;	transmitter.c:235: TR1 = 1;		/* Start timer 1 */
                                   1082 ;	assignBit
      00035B D2 8E            [12] 1083 	setb	_TR1
                                   1084 ;	transmitter.c:236: }
      00035D 22               [24] 1085 	ret
                                   1086 ;------------------------------------------------------------
                                   1087 ;Allocation info for local variables in function 'handshake'
                                   1088 ;------------------------------------------------------------
                                   1089 ;	transmitter.c:239: void handshake()
                                   1090 ;	-----------------------------------------
                                   1091 ;	 function handshake
                                   1092 ;	-----------------------------------------
      00035E                       1093 _handshake:
                                   1094 ;	transmitter.c:241: start:while(!data_r)
      00035E                       1095 00102$:
      00035E E5*09            [12] 1096 	mov	a,_data_r
      000360 70 13            [24] 1097 	jnz	00104$
                                   1098 ;	transmitter.c:243: data_r=SBUF;
      000362 85 99*09         [24] 1099 	mov	_data_r,_SBUF
                                   1100 ;	transmitter.c:244: RI=0;
                                   1101 ;	assignBit
      000365 C2 98            [12] 1102 	clr	_RI
                                   1103 ;	transmitter.c:245: P2 = 0xA0; // Turn ON all LED's connected to Port1
      000367 75 A0 A0         [24] 1104 	mov	_P2,#0xa0
                                   1105 ;	transmitter.c:246: delay();
      00036A 12r02rE6         [24] 1106 	lcall	_delay
                                   1107 ;	transmitter.c:247: P2 = 0x00; // Turn OFF all LED's connected to Port1
      00036D 75 A0 00         [24] 1108 	mov	_P2,#0x00
                                   1109 ;	transmitter.c:248: delay();
      000370 12r02rE6         [24] 1110 	lcall	_delay
      000373 80 E9            [24] 1111 	sjmp	00102$
      000375                       1112 00104$:
                                   1113 ;	transmitter.c:251: if(data_r=='x')
      000375 74 78            [12] 1114 	mov	a,#0x78
      000377 B5*09 E4         [24] 1115 	cjne	a,_data_r,00102$
                                   1116 ;	transmitter.c:253: Transmit_data('y');
      00037A 75 82 79         [24] 1117 	mov	dpl,#0x79
      00037D 12r03r84         [24] 1118 	lcall	_Transmit_data
                                   1119 ;	transmitter.c:254: data_r=0;
      000380 75*09 00         [24] 1120 	mov	_data_r,#0x00
                                   1121 ;	transmitter.c:257: else goto start;
                                   1122 ;	transmitter.c:258: }
      000383 22               [24] 1123 	ret
                                   1124 ;------------------------------------------------------------
                                   1125 ;Allocation info for local variables in function 'Transmit_data'
                                   1126 ;------------------------------------------------------------
                                   1127 ;tx_data                   Allocated to registers 
                                   1128 ;------------------------------------------------------------
                                   1129 ;	transmitter.c:261: void Transmit_data(char tx_data)
                                   1130 ;	-----------------------------------------
                                   1131 ;	 function Transmit_data
                                   1132 ;	-----------------------------------------
      000384                       1133 _Transmit_data:
      000384 85 82 99         [24] 1134 	mov	_SBUF,dpl
                                   1135 ;	transmitter.c:264: while (TI==0);		/* Wait until stop bit transmit */
      000387                       1136 00101$:
                                   1137 ;	transmitter.c:265: TI = 0;			/* Clear TI flag */
                                   1138 ;	assignBit
      000387 10 99 02         [24] 1139 	jbc	_TI,00114$
      00038A 80 FB            [24] 1140 	sjmp	00101$
      00038C                       1141 00114$:
                                   1142 ;	transmitter.c:266: }
      00038C 22               [24] 1143 	ret
                                   1144 ;------------------------------------------------------------
                                   1145 ;Allocation info for local variables in function 'check_x'
                                   1146 ;------------------------------------------------------------
                                   1147 ;	transmitter.c:270: void check_x()
                                   1148 ;	-----------------------------------------
                                   1149 ;	 function check_x
                                   1150 ;	-----------------------------------------
      00038D                       1151 _check_x:
                                   1152 ;	transmitter.c:272: TI=0;
                                   1153 ;	assignBit
      00038D C2 99            [12] 1154 	clr	_TI
                                   1155 ;	transmitter.c:273: if(RI)data_r = SBUF;		/* Load char in SBUF register */
      00038F 30 98 03         [24] 1156 	jnb	_RI,00102$
      000392 85 99*09         [24] 1157 	mov	_data_r,_SBUF
      000395                       1158 00102$:
                                   1159 ;	transmitter.c:274: RI = 0;			/* Clear TI flag */
                                   1160 ;	assignBit
      000395 C2 98            [12] 1161 	clr	_RI
                                   1162 ;	transmitter.c:275: if(data_r=='x')
      000397 74 78            [12] 1163 	mov	a,#0x78
      000399 B5*09 08         [24] 1164 	cjne	a,_data_r,00110$
                                   1165 ;	transmitter.c:276: Transmit_data('y');
      00039C 75 82 79         [24] 1166 	mov	dpl,#0x79
      00039F 12r03r84         [24] 1167 	lcall	_Transmit_data
      0003A2 80 19            [24] 1168 	sjmp	00111$
      0003A4                       1169 00110$:
                                   1170 ;	transmitter.c:277: else if((data_r=='m')||(data_r=='h'))
      0003A4 74 6D            [12] 1171 	mov	a,#0x6d
      0003A6 B5*09 02         [24] 1172 	cjne	a,_data_r,00133$
      0003A9 80 05            [24] 1173 	sjmp	00105$
      0003AB                       1174 00133$:
      0003AB 74 68            [12] 1175 	mov	a,#0x68
      0003AD B5*09 05         [24] 1176 	cjne	a,_data_r,00106$
      0003B0                       1177 00105$:
                                   1178 ;	transmitter.c:278: received = 0;
      0003B0 75*0A 00         [24] 1179 	mov	_received,#0x00
      0003B3 80 08            [24] 1180 	sjmp	00111$
      0003B5                       1181 00106$:
                                   1182 ;	transmitter.c:279: else if(data_r=='l')
      0003B5 74 6C            [12] 1183 	mov	a,#0x6c
      0003B7 B5*09 03         [24] 1184 	cjne	a,_data_r,00111$
                                   1185 ;	transmitter.c:280: received = 1;
      0003BA 75*0A 01         [24] 1186 	mov	_received,#0x01
      0003BD                       1187 00111$:
                                   1188 ;	transmitter.c:281: data_r=0;
      0003BD 75*09 00         [24] 1189 	mov	_data_r,#0x00
                                   1190 ;	transmitter.c:282: }
      0003C0 22               [24] 1191 	ret
                                   1192 ;------------------------------------------------------------
                                   1193 ;Allocation info for local variables in function 'InitTimer1'
                                   1194 ;------------------------------------------------------------
                                   1195 ;	transmitter.c:286: void InitTimer1(void)
                                   1196 ;	-----------------------------------------
                                   1197 ;	 function InitTimer1
                                   1198 ;	-----------------------------------------
      0003C1                       1199 _InitTimer1:
                                   1200 ;	transmitter.c:288: TMOD |= 0x01;    // Set timer0 in mode 1
      0003C1 43 89 01         [24] 1201 	orl	_TMOD,#0x01
                                   1202 ;	transmitter.c:289: TH0 = 0xee;      // 5 msec reloading time
      0003C4 75 8C EE         [24] 1203 	mov	_TH0,#0xee
                                   1204 ;	transmitter.c:290: TL0 = 0x00;      // First time value
      0003C7 75 8A 00         [24] 1205 	mov	_TL0,#0x00
                                   1206 ;	transmitter.c:291: TR0 = 1;         // Start Timer 1
                                   1207 ;	assignBit
      0003CA D2 8C            [12] 1208 	setb	_TR0
                                   1209 ;	transmitter.c:292: ET0 = 1;         // Enable Timer1 interrupts	
                                   1210 ;	assignBit
      0003CC D2 A9            [12] 1211 	setb	_ET0
                                   1212 ;	transmitter.c:293: }
      0003CE 22               [24] 1213 	ret
                                   1214 ;------------------------------------------------------------
                                   1215 ;Allocation info for local variables in function 'default_and_a_g'
                                   1216 ;------------------------------------------------------------
                                   1217 ;	transmitter.c:296: void default_and_a_g()
                                   1218 ;	-----------------------------------------
                                   1219 ;	 function default_and_a_g
                                   1220 ;	-----------------------------------------
      0003CF                       1221 _default_and_a_g:
                                   1222 ;	transmitter.c:299: if(a_g)
      0003CF 30*00 55         [24] 1223 	jnb	_a_g,00111$
                                   1224 ;	transmitter.c:301: if(((state_was==1)||(state_was==8))&&(!pushed))
      0003D2 74 01            [12] 1225 	mov	a,#0x01
      0003D4 B5*02 06         [24] 1226 	cjne	a,_state_was,00136$
      0003D7 14               [12] 1227 	dec	a
      0003D8 B5*03 02         [24] 1228 	cjne	a,(_state_was + 1),00136$
      0003DB 80 0D            [24] 1229 	sjmp	00109$
      0003DD                       1230 00136$:
      0003DD 74 08            [12] 1231 	mov	a,#0x08
      0003DF B5*02 06         [24] 1232 	cjne	a,_state_was,00137$
      0003E2 E4               [12] 1233 	clr	a
      0003E3 B5*03 02         [24] 1234 	cjne	a,(_state_was + 1),00137$
      0003E6 80 02            [24] 1235 	sjmp	00138$
      0003E8                       1236 00137$:
      0003E8 80 13            [24] 1237 	sjmp	00106$
      0003EA                       1238 00138$:
      0003EA                       1239 00109$:
      0003EA 20*01 10         [24] 1240 	jb	_pushed,00106$
                                   1241 ;	transmitter.c:302: {state = 8;			time_delay=10;
      0003ED 75*00 08         [24] 1242 	mov	_state,#0x08
      0003F0 75*01 00         [24] 1243 	mov	(_state + 1),#0x00
      0003F3 75*06 0A         [24] 1244 	mov	_time_delay,#0x0a
      0003F6 75*07 00         [24] 1245 	mov	(_time_delay + 1),#0x00
                                   1246 ;	transmitter.c:303: button='n';
      0003F9 75*08 6E         [24] 1247 	mov	_button,#0x6e
      0003FC 22               [24] 1248 	ret
      0003FD                       1249 00106$:
                                   1250 ;	transmitter.c:305: else if(((state_was==6)||(state_was==9))&&(!pushed))
      0003FD 74 06            [12] 1251 	mov	a,#0x06
      0003FF B5*02 06         [24] 1252 	cjne	a,_state_was,00140$
      000402 E4               [12] 1253 	clr	a
      000403 B5*03 02         [24] 1254 	cjne	a,(_state_was + 1),00140$
      000406 80 0C            [24] 1255 	sjmp	00104$
      000408                       1256 00140$:
      000408 74 09            [12] 1257 	mov	a,#0x09
      00040A B5*02 06         [24] 1258 	cjne	a,_state_was,00141$
      00040D E4               [12] 1259 	clr	a
      00040E B5*03 02         [24] 1260 	cjne	a,(_state_was + 1),00141$
      000411 80 01            [24] 1261 	sjmp	00142$
      000413                       1262 00141$:
      000413 22               [24] 1263 	ret
      000414                       1264 00142$:
      000414                       1265 00104$:
      000414 20*01 37         [24] 1266 	jb	_pushed,00113$
                                   1267 ;	transmitter.c:306: {state = 9;			time_delay=10;
      000417 75*00 09         [24] 1268 	mov	_state,#0x09
      00041A 75*01 00         [24] 1269 	mov	(_state + 1),#0x00
      00041D 75*06 0A         [24] 1270 	mov	_time_delay,#0x0a
      000420 75*07 00         [24] 1271 	mov	(_time_delay + 1),#0x00
                                   1272 ;	transmitter.c:307: button='u';
      000423 75*08 75         [24] 1273 	mov	_button,#0x75
      000426 22               [24] 1274 	ret
      000427                       1275 00111$:
                                   1276 ;	transmitter.c:312: a_g=0;
                                   1277 ;	assignBit
      000427 C2*00            [12] 1278 	clr	_a_g
                                   1279 ;	transmitter.c:313: state=0;time_delay=15;
      000429 E4               [12] 1280 	clr	a
      00042A F5*00            [12] 1281 	mov	_state,a
      00042C F5*01            [12] 1282 	mov	(_state + 1),a
      00042E 75*06 0F         [24] 1283 	mov	_time_delay,#0x0f
                                   1284 ;	1-genFromRTrack replaced	mov	(_time_delay + 1),#0x00
      000431 F5*07            [12] 1285 	mov	(_time_delay + 1),a
                                   1286 ;	transmitter.c:314: button = 'l';	
      000433 75*08 6C         [24] 1287 	mov	_button,#0x6c
                                   1288 ;	transmitter.c:316: P2=0xA0;
      000436 75 A0 A0         [24] 1289 	mov	_P2,#0xa0
                                   1290 ;	transmitter.c:317: delay();
      000439 12r02rE6         [24] 1291 	lcall	_delay
                                   1292 ;	transmitter.c:318: delay();
      00043C 12r02rE6         [24] 1293 	lcall	_delay
                                   1294 ;	transmitter.c:319: delay();
      00043F 12r02rE6         [24] 1295 	lcall	_delay
                                   1296 ;	transmitter.c:320: P2=0x00;
      000442 75 A0 00         [24] 1297 	mov	_P2,#0x00
                                   1298 ;	transmitter.c:321: delay();
      000445 12r02rE6         [24] 1299 	lcall	_delay
                                   1300 ;	transmitter.c:322: delay();
      000448 12r02rE6         [24] 1301 	lcall	_delay
                                   1302 ;	transmitter.c:323: delay();
                                   1303 ;	transmitter.c:325: }
      00044B 02r02rE6         [24] 1304 	ljmp	_delay
      00044E                       1305 00113$:
      00044E 22               [24] 1306 	ret
                                   1307 	.area CSEG    (CODE)
                                   1308 	.area CONST   (CODE)
                                   1309 	.area XINIT   (CODE)
                                   1310 	.area CABS    (ABS,CODE)
